******************************************************************************
               TMS320C6x Linker PC v7.4.7                      
******************************************************************************
>> Linked Mon Oct 02 18:08:13 2023

OUTPUT FILE NAME:   <DSP.out>
ENTRY POINT SYMBOL: "_c_int00"  address: 00001760


MEMORY CONFIGURATION

         name            origin    length      used     unused   attr    fill
----------------------  --------  ---------  --------  --------  ----  --------
  IVECS                 00000000   00000220  00000200  00000020  RWIX
  IRAM                  00000220   0002fde0  00002390  0002da50  RWIX
  SDRAM                 80000000   01000000  00000000  01000000  RWIX
  FLASH                 90000000   00020000  00000000  00020000  RWIX


SECTION ALLOCATION MAP

 output                                  attributes/
section   page    origin      length       input sections
--------  ----  ----------  ----------   ----------------
.vectors   0    00000000    00000200     
                  00000000    00000200     Vectors_intr.obj (.vectors)

.text      0    00000220    000016e0     
                  00000220    00000480     dsk6713bsl.lib : dsk6713.obj (.text)
                  000006a0    00000300                    : dsk6713_aic23_opencodec.obj (.text)
                  000009a0    00000240     rts6700.lib : memcpy62.obj (.text:_memcpy)
                  00000be0    000001e0     dsk6713bsl.lib : dsk6713_led.obj (.text)
                  00000dc0    000001a0     csl6713.lib : csl_mcbsp.obj (.text:_MCBSP_reset)
                  00000f60    00000140     dsk6713bsl.lib : dsk6713_aic23_registers.obj (.text)
                  000010a0    00000100     csl6713.lib : csl_mcbsp.obj (.text:_MCBSP_open)
                  000011a0    00000100                 : csl_mcbsp.obj (.text:_MCBSP_start)
                  000012a0    00000100     rts6700.lib : autoinit.obj (.text:__auto_init)
                  000013a0    000000e0                 : strasg.obj (.text:__strasg)
                  00001480    000000e0                 : exit.obj (.text:_exit)
                  00001560    000000c0                 : cpy_tbl.obj (.text:_copy_in)
                  00001620    000000c0     dsk6713bsl.lib : dsk6713_aic23_setfreq.obj (.text)
                  000016e0    00000080     rts6700.lib : cpp_init.obj (.text:___TI_cpp_init)
                  00001760    00000080                 : boot.obj (.text:_c_int00)
                  000017e0    00000060     main.obj (.text)
                  00001840    00000040     rts6700.lib : args_main.obj (.text:__args_main)
                  00001880    00000020     Vectors_intr.obj (.text)
                  000018a0    00000020     rts6700.lib : exit.obj (.text:_abort)
                  000018c0    00000020     csl6713.lib : csl_irq.obj (.text)
                  000018e0    00000020     main.obj (.text:retain)

.stack     0    00001900    00000800     UNINITIALIZED
                  00001900    00000008     rts6700.lib : boot.obj (.stack)
                  00001908    000007f8     --HOLE--

.cinit     0    00002100    0000026c     
                  00002100    0000012c     csl6713.lib : csl_irq.obj (.cinit)
                  0000222c    00000004     --HOLE-- [fill = 0]
                  00002230    00000058     c6713dskinit.obj (.cinit)
                  00002288    00000054     csl6713.lib : csl_mcbsp.obj (.cinit)
                  000022dc    00000004     --HOLE-- [fill = 0]
                  000022e0    00000030     dsk6713bsl.lib : dsk6713_aic23_registers.obj (.cinit)
                  00002310    0000002c     rts6700.lib : exit.obj (.cinit)
                  0000233c    00000004     --HOLE-- [fill = 0]
                  00002340    00000028     dsk6713bsl.lib : dsk6713_aic23_setfreq.obj (.cinit)
                  00002368    00000004     --HOLE-- [fill = 0]

.far       0    0000236c    000001d8     UNINITIALIZED
                  0000236c    000000f4     csl6713.lib : csl_irq.obj (.far)
                  00002460    0000004c     c6713dskinit.obj (.far)
                  000024ac    00000038     csl6713.lib : csl_mcbsp.obj (.far)
                  000024e4    00000028     dsk6713bsl.lib : dsk6713_aic23_registers.obj (.far)
                  0000250c    00000020                    : dsk6713_aic23_setfreq.obj (.far)
                  0000252c    0000000c     rts6700.lib : exit.obj (.far)
                  00002538    00000008     dsk6713bsl.lib : dsk6713_aic23_opencodec.obj (.far)
                  00002540    00000002                    : dsk6713.obj (.far)
                  00002542    00000002                    : dsk6713_led.obj (.far)

.const     0    00002544    00000060     
                  00002544    00000040     dsk6713bsl.lib : dsk6713_aic23_opencodec.obj (.const)
                  00002584    00000020                    : dsk6713.obj (.const)

.bss       0    000025a4    0000000c     UNINITIALIZED
                  000025a4    0000000c     c6713dskinit.obj (.bss)


GLOBAL SYMBOLS: SORTED ALPHABETICALLY BY Name 

address    name
--------   ----
000025a4   $bss
000025a4   .bss
00000220   .text
000018a0   C$$EXIT
00002464   _AIC23CfgData
00002460   _AIC_data
00002538   _DSK6713_AIC23_codeccontrolhandle
0000253c   _DSK6713_AIC23_codecdatahandle
00001020   _DSK6713_AIC23_config
000006a0   _DSK6713_AIC23_openCodec
00000ff8   _DSK6713_AIC23_rget
00000f60   _DSK6713_AIC23_rset
00001620   _DSK6713_AIC23_setFreq
00000be0   _DSK6713_LED_init
00000c20   _DSK6713_LED_off
00000c90   _DSK6713_LED_on
00000d00   _DSK6713_LED_toggle
00000634   _DSK6713_getVersion
0000026c   _DSK6713_init
00000588   _DSK6713_rget
0000059c   _DSK6713_rset
00002540   _DSK6713_version
000005b0   _DSK6713_wait
00000608   _DSK6713_waitusec
000010a0   _MCBSP_open
00000dc0   _MCBSP_reset
000011a0   _MCBSP_start
00002458   __IRQ_dispatchTable
00002394   __IRQ_eventTable
000018c0   __IRQ_hookFetchPacket
00002418   __IRQ_intTable
000024dc   __MCBSP_hDev0
000024e0   __MCBSP_hDev1
00002100   __STACK_END
00000800   __STACK_SIZE
00000001   __TI_args_main
000016e0   ___TI_cpp_init
00002534   ___TI_enable_exit_profile_output
ffffffff   ___TI_pprof_out_hndl
ffffffff   ___TI_prof_data_size
ffffffff   ___TI_prof_data_start
ffffffff   ___binit__
000025a4   ___bss__
ffffffff   ___c_args__
00002100   ___cinit__
000025b0   ___end__
00001900   ___etext__
ffffffff   ___pinit__
00000220   ___text__
00001840   __args_main
000012a0   __auto_init
0000252c   __cleanup_ptr
00002530   __dtors_ptr
00001900   __stack
000013a0   __strasg
000018a0   _abort
00001760   _c_int00
000018e0   _c_int11
00002484   _config
00001560   _copy_in
00001480   _exit
000025ac   _hAIC23_handle
000017e0   _main
000009a0   _memcpy
00000020   _vector1
00000140   _vector10
00000180   _vector12
000001a0   _vector13
000001c0   _vector14
000001e0   _vector15
00000040   _vector2
00000060   _vector3
00000080   _vector4
000000a0   _vector5
000000c0   _vector6
000000e0   _vector7
00000100   _vector8
00000120   _vector9
00000000   _vectors
ffffffff   binit
00002100   cinit
000025b0   end
00001900   etext
ffffffff   pinit


GLOBAL SYMBOLS: SORTED BY Symbol Address 

address    name
--------   ----
00000000   _vectors
00000001   __TI_args_main
00000020   _vector1
00000040   _vector2
00000060   _vector3
00000080   _vector4
000000a0   _vector5
000000c0   _vector6
000000e0   _vector7
00000100   _vector8
00000120   _vector9
00000140   _vector10
00000180   _vector12
000001a0   _vector13
000001c0   _vector14
000001e0   _vector15
00000220   .text
00000220   ___text__
0000026c   _DSK6713_init
00000588   _DSK6713_rget
0000059c   _DSK6713_rset
000005b0   _DSK6713_wait
00000608   _DSK6713_waitusec
00000634   _DSK6713_getVersion
000006a0   _DSK6713_AIC23_openCodec
00000800   __STACK_SIZE
000009a0   _memcpy
00000be0   _DSK6713_LED_init
00000c20   _DSK6713_LED_off
00000c90   _DSK6713_LED_on
00000d00   _DSK6713_LED_toggle
00000dc0   _MCBSP_reset
00000f60   _DSK6713_AIC23_rset
00000ff8   _DSK6713_AIC23_rget
00001020   _DSK6713_AIC23_config
000010a0   _MCBSP_open
000011a0   _MCBSP_start
000012a0   __auto_init
000013a0   __strasg
00001480   _exit
00001560   _copy_in
00001620   _DSK6713_AIC23_setFreq
000016e0   ___TI_cpp_init
00001760   _c_int00
000017e0   _main
00001840   __args_main
000018a0   C$$EXIT
000018a0   _abort
000018c0   __IRQ_hookFetchPacket
000018e0   _c_int11
00001900   ___etext__
00001900   __stack
00001900   etext
00002100   __STACK_END
00002100   ___cinit__
00002100   cinit
00002394   __IRQ_eventTable
00002418   __IRQ_intTable
00002458   __IRQ_dispatchTable
00002460   _AIC_data
00002464   _AIC23CfgData
00002484   _config
000024dc   __MCBSP_hDev0
000024e0   __MCBSP_hDev1
0000252c   __cleanup_ptr
00002530   __dtors_ptr
00002534   ___TI_enable_exit_profile_output
00002538   _DSK6713_AIC23_codeccontrolhandle
0000253c   _DSK6713_AIC23_codecdatahandle
00002540   _DSK6713_version
000025a4   $bss
000025a4   .bss
000025a4   ___bss__
000025ac   _hAIC23_handle
000025b0   ___end__
000025b0   end
ffffffff   ___TI_pprof_out_hndl
ffffffff   ___TI_prof_data_size
ffffffff   ___TI_prof_data_start
ffffffff   ___binit__
ffffffff   ___c_args__
ffffffff   ___pinit__
ffffffff   binit
ffffffff   pinit

[84 symbols]
