******************************************************************************
               TMS320C6x Linker PC v7.4.7                      
******************************************************************************
>> Linked Mon Oct 09 17:14:12 2023

OUTPUT FILE NAME:   <DSP.out>
ENTRY POINT SYMBOL: "_c_int00"  address: 000226a0


MEMORY CONFIGURATION

         name            origin    length      used     unused   attr    fill
----------------------  --------  ---------  --------  --------  ----  --------
  IVECS                 00000000   00000220  00000200  00000020  RWIX
  IRAM                  00000220   0002fde0  0002333a  0000caa6  RWIX
  SDRAM                 80000000   01000000  00000000  01000000  RWIX
  FLASH                 90000000   00020000  00000000  00020000  RWIX


SECTION ALLOCATION MAP

 output                                  attributes/
section   page    origin      length       input sections
--------  ----  ----------  ----------   ----------------
.vectors   0    00000000    00000200     
                  00000000    00000200     Vectors_intr.obj (.vectors)

.far       0    00000220    0001f82e     UNINITIALIZED
                  00000220    0001f618     main.obj (.far)
                  0001f838    000000f4     csl6713.lib : csl_irq.obj (.far)
                  0001f92c    0000004c     c6713dskinit.obj (.far)
                  0001f978    00000040     rts6700.lib : sin.obj (.far)
                  0001f9b8    00000038     csl6713.lib : csl_mcbsp.obj (.far)
                  0001f9f0    00000028     dsk6713bsl.lib : dsk6713_aic23_registers.obj (.far)
                  0001fa18    00000020                    : dsk6713_aic23_setfreq.obj (.far)
                  0001fa38    0000000c     rts6700.lib : exit.obj (.far)
                  0001fa44    00000008     dsk6713bsl.lib : dsk6713_aic23_opencodec.obj (.far)
                  0001fa4c    00000002                    : dsk6713.obj (.far)

.text      0    0001fa60    00002f80     
                  0001fa60    000006e0     c6713dskinit.obj (.text)
                  00020140    00000480     dsk6713bsl.lib : dsk6713.obj (.text)
                  000205c0    00000360     main.obj (.text:retain)
                  00020920    00000340     rts6700.lib : divf.obj (.text:__divf)
                  00020c60    00000300                 : sin.obj (.text:_sin)
                  00020f60    00000300     dsk6713bsl.lib : dsk6713_aic23_opencodec.obj (.text)
                  00021260    00000240     rts6700.lib : memcpy62.obj (.text:_memcpy)
                  000214a0    00000200     DBuff.obj (.text)
                  000216a0    000001c0     csl6713.lib : csl_irq.obj (.text:_IRQ_map)
                  00021860    000001a0                 : csl_mcbsp.obj (.text:_MCBSP_reset)
                  00021a00    00000140     dsk6713bsl.lib : dsk6713_aic23_registers.obj (.text)
                  00021b40    00000120     rts6700.lib : memset.obj (.text:_memset)
                  00021c60    00000100     csl6713.lib : csl_mcbsp.obj (.text:_MCBSP_open)
                  00021d60    00000100                 : csl_mcbsp.obj (.text:_MCBSP_start)
                  00021e60    00000100     rts6700.lib : autoinit.obj (.text:__auto_init)
                  00021f60    000000e0                 : strasg.obj (.text:__strasg)
                  00022040    000000e0                 : exit.obj (.text:_exit)
                  00022120    000000e0                 : modf.obj (.text:_modf)
                  00022200    000000c0                 : round.obj (.text:__nround)
                  000222c0    000000c0                 : cpy_tbl.obj (.text:_copy_in)
                  00022380    000000c0     dsk6713bsl.lib : dsk6713_aic23_setfreq.obj (.text)
                  00022440    000000a0     csl6713.lib : csl_mcbsp.obj (.text:_MCBSP_config)
                  000224e0    000000a0     rts6700.lib : remu.obj (.text:__remu)
                  00022580    000000a0     csl6713.lib : csl_irq.obj (.text:_setMux)
                  00022620    00000080     rts6700.lib : cpp_init.obj (.text:___TI_cpp_init)
                  000226a0    00000080                 : boot.obj (.text:_c_int00)
                  00022720    00000040     csl6713.lib : csl_irq.obj (.text:_IRQ_enable)
                  00022760    00000040                 : csl_irq.obj (.text:_IRQ_reset)
                  000227a0    00000040     rts6700.lib : args_main.obj (.text:__args_main)
                  000227e0    00000040                 : trunc.obj (.text:__trunc)
                  00022820    00000040     main.obj (.text)
                  00022860    00000020     Vectors_intr.obj (.text)
                  00022880    00000020     csl6713.lib : csl_irq.obj (.text:_IRQ_globalDisable)
                  000228a0    00000020                 : csl_irq.obj (.text:_IRQ_globalEnable)
                  000228c0    00000020                 : csl_irq.obj (.text:_IRQ_nmiEnable)
                  000228e0    00000020                 : csl_irq.obj (.text:_IRQ_setVecs)
                  00022900    00000020                 : csl_mcbsp.obj (.text:_MCBSP_getXmtEventId)
                  00022920    00000020                 : csl_mcbsp.obj (.text:_MCBSP_read)
                  00022940    00000020                 : csl_mcbsp.obj (.text:_MCBSP_rrdy)
                  00022960    00000020                 : csl_mcbsp.obj (.text:_MCBSP_write)
                  00022980    00000020                 : csl_mcbsp.obj (.text:_MCBSP_xrdy)
                  000229a0    00000020     rts6700.lib : exit.obj (.text:_abort)
                  000229c0    00000020     csl6713.lib : csl_irq.obj (.text)

.stack     0    000229e0    00000800     UNINITIALIZED
                  000229e0    00000008     rts6700.lib : boot.obj (.stack)
                  000229e8    000007f8     --HOLE--

.cinit     0    000231e0    0000030c     
                  000231e0    0000012c     csl6713.lib : csl_irq.obj (.cinit)
                  0002330c    00000004     --HOLE-- [fill = 0]
                  00023310    00000058     c6713dskinit.obj (.cinit)
                  00023368    00000054     csl6713.lib : csl_mcbsp.obj (.cinit)
                  000233bc    00000004     --HOLE-- [fill = 0]
                  000233c0    00000054     main.obj (.cinit)
                  00023414    00000004     --HOLE-- [fill = 0]
                  00023418    00000048     rts6700.lib : sin.obj (.cinit)
                  00023460    00000030     dsk6713bsl.lib : dsk6713_aic23_registers.obj (.cinit)
                  00023490    0000002c     rts6700.lib : exit.obj (.cinit)
                  000234bc    00000004     --HOLE-- [fill = 0]
                  000234c0    00000028     dsk6713bsl.lib : dsk6713_aic23_setfreq.obj (.cinit)
                  000234e8    00000004     --HOLE-- [fill = 0]

.const     0    000234ec    00000060     
                  000234ec    00000040     dsk6713bsl.lib : dsk6713_aic23_opencodec.obj (.const)
                  0002352c    00000020                    : dsk6713.obj (.const)

.bss       0    0002354c    00000020     UNINITIALIZED
                  0002354c    00000012     main.obj (.bss)
                  0002355e    00000002     --HOLE--
                  00023560    0000000c     c6713dskinit.obj (.bss)


GLOBAL SYMBOLS: SORTED ALPHABETICALLY BY Name 

address    name
--------   ----
0002354c   $bss
0002354c   .bss
0001fa60   .text
000229a0   C$$EXIT
0001f930   _AIC23CfgData
0001f92c   _AIC_data
000214a0   _Buffer_init
000215d0   _Buffer_pop
000214f8   _Buffer_push
0001fa44   _DSK6713_AIC23_codeccontrolhandle
0001fa48   _DSK6713_AIC23_codecdatahandle
00021ac0   _DSK6713_AIC23_config
00020f60   _DSK6713_AIC23_openCodec
00021a98   _DSK6713_AIC23_rget
00021a00   _DSK6713_AIC23_rset
00022380   _DSK6713_AIC23_setFreq
00020554   _DSK6713_getVersion
0002018c   _DSK6713_init
000204a8   _DSK6713_rget
000204bc   _DSK6713_rset
0001fa4c   _DSK6713_version
000204d0   _DSK6713_wait
00020528   _DSK6713_waitusec
00022720   _IRQ_enable
00022880   _IRQ_globalDisable
000228a0   _IRQ_globalEnable
000216a0   _IRQ_map
000228c0   _IRQ_nmiEnable
00022760   _IRQ_reset
000228e0   _IRQ_setVecs
00022440   _MCBSP_config
00022900   _MCBSP_getXmtEventId
00021c60   _MCBSP_open
00022920   _MCBSP_read
00021860   _MCBSP_reset
00022940   _MCBSP_rrdy
00021d60   _MCBSP_start
00022960   _MCBSP_write
00022980   _MCBSP_xrdy
0001f924   __IRQ_dispatchTable
0001f860   __IRQ_eventTable
000229c0   __IRQ_hookFetchPacket
0001f8e4   __IRQ_intTable
0001f9e8   __MCBSP_hDev0
0001f9ec   __MCBSP_hDev1
000231e0   __STACK_END
00000800   __STACK_SIZE
00000001   __TI_args_main
00022620   ___TI_cpp_init
0001fa40   ___TI_enable_exit_profile_output
ffffffff   ___TI_pprof_out_hndl
ffffffff   ___TI_prof_data_size
ffffffff   ___TI_prof_data_start
ffffffff   ___binit__
0002354c   ___bss__
ffffffff   ___c_args__
000231e0   ___cinit__
0002356c   ___end__
000229e0   ___etext__
ffffffff   ___pinit__
0001fa60   ___text__
000227a0   __args_main
00021e60   __auto_init
000224e0   __c6xabi_remu
0001fa38   __cleanup_ptr
00020920   __divf
0001fa3c   __dtors_ptr
00022200   __nround
000224e0   __remu
000229e0   __stack
00021f60   __strasg
000227e0   __trunc
000229a0   _abort
0001fa60   _c6713_dsk_init
000226a0   _c_int00
000205c0   _c_int11
0001fb38   _comm_intr
0001fb0c   _comm_poll
0001f950   _config
000222c0   _copy_in
00022040   _exit
0002354c   _fs
00023554   _gain
00023568   _hAIC23_handle
00023558   _i
0002355c   _input
0001ffb0   _input_left_sample
00020070   _input_right_sample
0001feec   _input_sample
00000430   _jehany_buffer
00023550   _loop
00022820   _main
00021260   _memcpy
00021b40   _memset
00022120   _modf
00000230   _out_buffer
0001fd3c   _output_left_sample
0001fe14   _output_right_sample
0001fc60   _output_sample
00020c60   _sin
00000220   _sine_table
00000020   _vector1
00000140   _vector10
00000180   _vector12
000001a0   _vector13
000001c0   _vector14
000001e0   _vector15
00000040   _vector2
00000060   _vector3
00000080   _vector4
000000a0   _vector5
000000c0   _vector6
000000e0   _vector7
00000100   _vector8
00000120   _vector9
00000000   _vectors
ffffffff   binit
000231e0   cinit
0002356c   end
000229e0   etext
ffffffff   pinit


GLOBAL SYMBOLS: SORTED BY Symbol Address 

address    name
--------   ----
00000000   _vectors
00000001   __TI_args_main
00000020   _vector1
00000040   _vector2
00000060   _vector3
00000080   _vector4
000000a0   _vector5
000000c0   _vector6
000000e0   _vector7
00000100   _vector8
00000120   _vector9
00000140   _vector10
00000180   _vector12
000001a0   _vector13
000001c0   _vector14
000001e0   _vector15
00000220   _sine_table
00000230   _out_buffer
00000430   _jehany_buffer
00000800   __STACK_SIZE
0001f860   __IRQ_eventTable
0001f8e4   __IRQ_intTable
0001f924   __IRQ_dispatchTable
0001f92c   _AIC_data
0001f930   _AIC23CfgData
0001f950   _config
0001f9e8   __MCBSP_hDev0
0001f9ec   __MCBSP_hDev1
0001fa38   __cleanup_ptr
0001fa3c   __dtors_ptr
0001fa40   ___TI_enable_exit_profile_output
0001fa44   _DSK6713_AIC23_codeccontrolhandle
0001fa48   _DSK6713_AIC23_codecdatahandle
0001fa4c   _DSK6713_version
0001fa60   .text
0001fa60   ___text__
0001fa60   _c6713_dsk_init
0001fb0c   _comm_poll
0001fb38   _comm_intr
0001fc60   _output_sample
0001fd3c   _output_left_sample
0001fe14   _output_right_sample
0001feec   _input_sample
0001ffb0   _input_left_sample
00020070   _input_right_sample
0002018c   _DSK6713_init
000204a8   _DSK6713_rget
000204bc   _DSK6713_rset
000204d0   _DSK6713_wait
00020528   _DSK6713_waitusec
00020554   _DSK6713_getVersion
000205c0   _c_int11
00020920   __divf
00020c60   _sin
00020f60   _DSK6713_AIC23_openCodec
00021260   _memcpy
000214a0   _Buffer_init
000214f8   _Buffer_push
000215d0   _Buffer_pop
000216a0   _IRQ_map
00021860   _MCBSP_reset
00021a00   _DSK6713_AIC23_rset
00021a98   _DSK6713_AIC23_rget
00021ac0   _DSK6713_AIC23_config
00021b40   _memset
00021c60   _MCBSP_open
00021d60   _MCBSP_start
00021e60   __auto_init
00021f60   __strasg
00022040   _exit
00022120   _modf
00022200   __nround
000222c0   _copy_in
00022380   _DSK6713_AIC23_setFreq
00022440   _MCBSP_config
000224e0   __c6xabi_remu
000224e0   __remu
00022620   ___TI_cpp_init
000226a0   _c_int00
00022720   _IRQ_enable
00022760   _IRQ_reset
000227a0   __args_main
000227e0   __trunc
00022820   _main
00022880   _IRQ_globalDisable
000228a0   _IRQ_globalEnable
000228c0   _IRQ_nmiEnable
000228e0   _IRQ_setVecs
00022900   _MCBSP_getXmtEventId
00022920   _MCBSP_read
00022940   _MCBSP_rrdy
00022960   _MCBSP_write
00022980   _MCBSP_xrdy
000229a0   C$$EXIT
000229a0   _abort
000229c0   __IRQ_hookFetchPacket
000229e0   ___etext__
000229e0   __stack
000229e0   etext
000231e0   __STACK_END
000231e0   ___cinit__
000231e0   cinit
0002354c   $bss
0002354c   .bss
0002354c   ___bss__
0002354c   _fs
00023550   _loop
00023554   _gain
00023558   _i
0002355c   _input
00023568   _hAIC23_handle
0002356c   ___end__
0002356c   end
ffffffff   ___TI_pprof_out_hndl
ffffffff   ___TI_prof_data_size
ffffffff   ___TI_prof_data_start
ffffffff   ___binit__
ffffffff   ___c_args__
ffffffff   ___pinit__
ffffffff   binit
ffffffff   pinit

[121 symbols]
