******************************************************************************
               TMS320C6x Linker PC v7.4.7                      
******************************************************************************
>> Linked Mon Nov 06 16:54:07 2023

OUTPUT FILE NAME:   <DSP.out>
ENTRY POINT SYMBOL: "_c_int00"  address: 00013580


MEMORY CONFIGURATION

         name            origin    length      used     unused   attr    fill
----------------------  --------  ---------  --------  --------  ----  --------
  IVECS                 00000000   00000220  00000200  00000020  RWIX
  IRAM                  00000220   0002fde0  00014380  0001ba60  RWIX
  SDRAM                 80000000   01000000  00000000  01000000  RWIX
  FLASH                 90000000   00020000  00000000  00020000  RWIX


SECTION ALLOCATION MAP

 output                                  attributes/
section   page    origin      length       input sections
--------  ----  ----------  ----------   ----------------
.vectors   0    00000000    00000200     
                  00000000    00000200     Vectors_intr.obj (.vectors)

.far       0    00000220    00010054     UNINITIALIZED
                  00000220    0000fe3c     main.obj (.far)
                  0001005c    000000f4     csl6713.lib : csl_irq.obj (.far)
                  00010150    0000004c     c6713dskinit.obj (.far)
                  0001019c    00000002     dsk6713bsl.lib : dsk6713.obj (.far)
                  0001019e    00000002     --HOLE--
                  000101a0    00000040     rts6700.lib : sin.obj (.far)
                  000101e0    00000038     csl6713.lib : csl_mcbsp.obj (.far)
                  00010218    00000028     dsk6713bsl.lib : dsk6713_aic23_registers.obj (.far)
                  00010240    00000020                    : dsk6713_aic23_setfreq.obj (.far)
                  00010260    0000000c     rts6700.lib : exit.obj (.far)
                  0001026c    00000008     dsk6713bsl.lib : dsk6713_aic23_opencodec.obj (.far)

.text      0    00010280    00003600     
                  00010280    00000700     main.obj (.text)
                  00010980    000006e0     c6713dskinit.obj (.text)
                  00011060    00000480     dsk6713bsl.lib : dsk6713.obj (.text)
                  000114e0    000003c0     DBuff.obj (.text)
                  000118a0    00000340     rts6700.lib : divf.obj (.text:__divf)
                  00011be0    00000300                 : sin.obj (.text:_sin)
                  00011ee0    00000300     dsk6713bsl.lib : dsk6713_aic23_opencodec.obj (.text)
                  000121e0    00000240     rts6700.lib : memcpy62.obj (.text:_memcpy)
                  00012420    00000200     main.obj (.text:retain)
                  00012620    000001c0     csl6713.lib : csl_irq.obj (.text:_IRQ_map)
                  000127e0    000001a0                 : csl_mcbsp.obj (.text:_MCBSP_reset)
                  00012980    00000140     dsk6713bsl.lib : dsk6713_aic23_registers.obj (.text)
                  00012ac0    00000120     rts6700.lib : memset.obj (.text:_memset)
                  00012be0    00000100     csl6713.lib : csl_mcbsp.obj (.text:_MCBSP_open)
                  00012ce0    00000100                 : csl_mcbsp.obj (.text:_MCBSP_start)
                  00012de0    00000100     rts6700.lib : autoinit.obj (.text:__auto_init)
                  00012ee0    000000e0                 : strasg.obj (.text:__strasg)
                  00012fc0    000000e0                 : exit.obj (.text:_exit)
                  000130a0    000000e0                 : modf.obj (.text:_modf)
                  00013180    000000c0                 : round.obj (.text:__nround)
                  00013240    000000c0                 : cpy_tbl.obj (.text:_copy_in)
                  00013300    000000c0     dsk6713bsl.lib : dsk6713_aic23_setfreq.obj (.text)
                  000133c0    000000a0     csl6713.lib : csl_mcbsp.obj (.text:_MCBSP_config)
                  00013460    000000a0                 : csl_irq.obj (.text:_setMux)
                  00013500    00000080     rts6700.lib : cpp_init.obj (.text:___TI_cpp_init)
                  00013580    00000080                 : boot.obj (.text:_c_int00)
                  00013600    00000040     csl6713.lib : csl_irq.obj (.text:_IRQ_enable)
                  00013640    00000040                 : csl_irq.obj (.text:_IRQ_reset)
                  00013680    00000040     rts6700.lib : args_main.obj (.text:__args_main)
                  000136c0    00000040                 : trunc.obj (.text:__trunc)
                  00013700    00000020     Vectors_intr.obj (.text)
                  00013720    00000020     csl6713.lib : csl_irq.obj (.text:_IRQ_globalDisable)
                  00013740    00000020                 : csl_irq.obj (.text:_IRQ_globalEnable)
                  00013760    00000020                 : csl_irq.obj (.text:_IRQ_nmiEnable)
                  00013780    00000020                 : csl_irq.obj (.text:_IRQ_setVecs)
                  000137a0    00000020                 : csl_mcbsp.obj (.text:_MCBSP_getXmtEventId)
                  000137c0    00000020                 : csl_mcbsp.obj (.text:_MCBSP_read)
                  000137e0    00000020                 : csl_mcbsp.obj (.text:_MCBSP_rrdy)
                  00013800    00000020                 : csl_mcbsp.obj (.text:_MCBSP_write)
                  00013820    00000020                 : csl_mcbsp.obj (.text:_MCBSP_xrdy)
                  00013840    00000020     rts6700.lib : exit.obj (.text:_abort)
                  00013860    00000020     csl6713.lib : csl_irq.obj (.text)

.stack     0    00013880    00000800     UNINITIALIZED
                  00013880    00000008     rts6700.lib : boot.obj (.stack)
                  00013888    000007f8     --HOLE--

.cinit     0    00014080    000004ac     
                  00014080    000001f4     main.obj (.cinit)
                  00014274    00000004     --HOLE-- [fill = 0]
                  00014278    0000012c     csl6713.lib : csl_irq.obj (.cinit)
                  000143a4    00000004     --HOLE-- [fill = 0]
                  000143a8    00000058     c6713dskinit.obj (.cinit)
                  00014400    00000054     csl6713.lib : csl_mcbsp.obj (.cinit)
                  00014454    00000004     --HOLE-- [fill = 0]
                  00014458    00000048     rts6700.lib : sin.obj (.cinit)
                  000144a0    00000030     dsk6713bsl.lib : dsk6713_aic23_registers.obj (.cinit)
                  000144d0    0000002c     rts6700.lib : exit.obj (.cinit)
                  000144fc    00000004     --HOLE-- [fill = 0]
                  00014500    00000028     dsk6713bsl.lib : dsk6713_aic23_setfreq.obj (.cinit)
                  00014528    00000004     --HOLE-- [fill = 0]

.const     0    0001452c    00000060     
                  0001452c    00000040     dsk6713bsl.lib : dsk6713_aic23_opencodec.obj (.const)
                  0001456c    00000020                    : dsk6713.obj (.const)

.bss       0    0001458c    00000020     UNINITIALIZED
                  0001458c    00000012     main.obj (.bss)
                  0001459e    00000002     --HOLE--
                  000145a0    0000000c     c6713dskinit.obj (.bss)


GLOBAL SYMBOLS: SORTED ALPHABETICALLY BY Name 

address    name
--------   ----
0001458c   $bss
0001458c   .bss
00010280   .text
00013840   C$$EXIT
00010154   _AIC23CfgData
00010150   _AIC_data
000114e0   _Buffer_init
000115ec   _Buffer_pop
000116b4   _Buffer_popPeriod
00011548   _Buffer_push
000117bc   _Buffer_pushPeriod
00010670   _Buffer_wrap
0001026c   _DSK6713_AIC23_codeccontrolhandle
00010270   _DSK6713_AIC23_codecdatahandle
00012a40   _DSK6713_AIC23_config
00011ee0   _DSK6713_AIC23_openCodec
00012a18   _DSK6713_AIC23_rget
00012980   _DSK6713_AIC23_rset
00013300   _DSK6713_AIC23_setFreq
00011474   _DSK6713_getVersion
000110ac   _DSK6713_init
000113c8   _DSK6713_rget
000113dc   _DSK6713_rset
0001019c   _DSK6713_version
000113f0   _DSK6713_wait
00011448   _DSK6713_waitusec
00013600   _IRQ_enable
00013720   _IRQ_globalDisable
00013740   _IRQ_globalEnable
00012620   _IRQ_map
00013760   _IRQ_nmiEnable
00013640   _IRQ_reset
00013780   _IRQ_setVecs
000106c0   _LINEAR_Init
00010780   _LINEAR_pop
000106e0   _LINEAR_push
00010810   _LINEAR_shift
000133c0   _MCBSP_config
000137a0   _MCBSP_getXmtEventId
00012be0   _MCBSP_open
000137c0   _MCBSP_read
000127e0   _MCBSP_reset
000137e0   _MCBSP_rrdy
00012ce0   _MCBSP_start
00013800   _MCBSP_write
00013820   _MCBSP_xrdy
000102d4   _MY_NAAAAMEEEEE_IS_GYOBU_MASATAKA_ONIWAAAAA________AS_I_BREEATHE_YOU_WONT_GET_PAST_THE_CASTLE_GATE
00010148   __IRQ_dispatchTable
00010084   __IRQ_eventTable
00013860   __IRQ_hookFetchPacket
00010108   __IRQ_intTable
00010210   __MCBSP_hDev0
00010214   __MCBSP_hDev1
00014080   __STACK_END
00000800   __STACK_SIZE
00000001   __TI_args_main
00013500   ___TI_cpp_init
00010268   ___TI_enable_exit_profile_output
ffffffff   ___TI_pprof_out_hndl
ffffffff   ___TI_prof_data_size
ffffffff   ___TI_prof_data_start
ffffffff   ___binit__
0001458c   ___bss__
ffffffff   ___c_args__
00014080   ___cinit__
000145ac   ___end__
00013880   ___etext__
ffffffff   ___pinit__
00010280   ___text__
00013680   __args_main
00012de0   __auto_init
00010260   __cleanup_ptr
000118a0   __divf
00010264   __dtors_ptr
00013180   __nround
00013880   __stack
00012ee0   __strasg
000136c0   __trunc
00013840   _abort
000082d0   _buhany_jeffer
00010980   _c6713_dsk_init
00013580   _c_int00
00012420   _c_int11
00010a58   _comm_intr
00010a2c   _comm_poll
00010174   _config
00013240   _copy_in
00012fc0   _exit
0001458c   _fs
00014594   _gain
000145a8   _hAIC23_handle
00014598   _i
0001459c   _input
00010ed0   _input_left_sample
00010f90   _input_right_sample
00010e0c   _input_sample
000005c4   _jehany_buffer
00014590   _loop
00010900   _main
000121e0   _memcpy
00012ac0   _memset
000130a0   _modf
000003c4   _out_buffer
00010c5c   _output_left_sample
00010d34   _output_right_sample
00010b80   _output_sample
0000ffdc   _period
00011be0   _sin
000003b4   _sine_table
00000020   _vector1
00000140   _vector10
00000180   _vector12
000001a0   _vector13
000001c0   _vector14
000001e0   _vector15
00000040   _vector2
00000060   _vector3
00000080   _vector4
000000a0   _vector5
000000c0   _vector6
000000e0   _vector7
00000100   _vector8
00000120   _vector9
00000000   _vectors
00010280   _wrap
ffffffff   binit
00014080   cinit
000145ac   end
00013880   etext
ffffffff   pinit


GLOBAL SYMBOLS: SORTED BY Symbol Address 

address    name
--------   ----
00000000   _vectors
00000001   __TI_args_main
00000020   _vector1
00000040   _vector2
00000060   _vector3
00000080   _vector4
000000a0   _vector5
000000c0   _vector6
000000e0   _vector7
00000100   _vector8
00000120   _vector9
00000140   _vector10
00000180   _vector12
000001a0   _vector13
000001c0   _vector14
000001e0   _vector15
000003b4   _sine_table
000003c4   _out_buffer
000005c4   _jehany_buffer
00000800   __STACK_SIZE
000082d0   _buhany_jeffer
0000ffdc   _period
00010084   __IRQ_eventTable
00010108   __IRQ_intTable
00010148   __IRQ_dispatchTable
00010150   _AIC_data
00010154   _AIC23CfgData
00010174   _config
0001019c   _DSK6713_version
00010210   __MCBSP_hDev0
00010214   __MCBSP_hDev1
00010260   __cleanup_ptr
00010264   __dtors_ptr
00010268   ___TI_enable_exit_profile_output
0001026c   _DSK6713_AIC23_codeccontrolhandle
00010270   _DSK6713_AIC23_codecdatahandle
00010280   .text
00010280   ___text__
00010280   _wrap
000102d4   _MY_NAAAAMEEEEE_IS_GYOBU_MASATAKA_ONIWAAAAA________AS_I_BREEATHE_YOU_WONT_GET_PAST_THE_CASTLE_GATE
00010670   _Buffer_wrap
000106c0   _LINEAR_Init
000106e0   _LINEAR_push
00010780   _LINEAR_pop
00010810   _LINEAR_shift
00010900   _main
00010980   _c6713_dsk_init
00010a2c   _comm_poll
00010a58   _comm_intr
00010b80   _output_sample
00010c5c   _output_left_sample
00010d34   _output_right_sample
00010e0c   _input_sample
00010ed0   _input_left_sample
00010f90   _input_right_sample
000110ac   _DSK6713_init
000113c8   _DSK6713_rget
000113dc   _DSK6713_rset
000113f0   _DSK6713_wait
00011448   _DSK6713_waitusec
00011474   _DSK6713_getVersion
000114e0   _Buffer_init
00011548   _Buffer_push
000115ec   _Buffer_pop
000116b4   _Buffer_popPeriod
000117bc   _Buffer_pushPeriod
000118a0   __divf
00011be0   _sin
00011ee0   _DSK6713_AIC23_openCodec
000121e0   _memcpy
00012420   _c_int11
00012620   _IRQ_map
000127e0   _MCBSP_reset
00012980   _DSK6713_AIC23_rset
00012a18   _DSK6713_AIC23_rget
00012a40   _DSK6713_AIC23_config
00012ac0   _memset
00012be0   _MCBSP_open
00012ce0   _MCBSP_start
00012de0   __auto_init
00012ee0   __strasg
00012fc0   _exit
000130a0   _modf
00013180   __nround
00013240   _copy_in
00013300   _DSK6713_AIC23_setFreq
000133c0   _MCBSP_config
00013500   ___TI_cpp_init
00013580   _c_int00
00013600   _IRQ_enable
00013640   _IRQ_reset
00013680   __args_main
000136c0   __trunc
00013720   _IRQ_globalDisable
00013740   _IRQ_globalEnable
00013760   _IRQ_nmiEnable
00013780   _IRQ_setVecs
000137a0   _MCBSP_getXmtEventId
000137c0   _MCBSP_read
000137e0   _MCBSP_rrdy
00013800   _MCBSP_write
00013820   _MCBSP_xrdy
00013840   C$$EXIT
00013840   _abort
00013860   __IRQ_hookFetchPacket
00013880   ___etext__
00013880   __stack
00013880   etext
00014080   __STACK_END
00014080   ___cinit__
00014080   cinit
0001458c   $bss
0001458c   .bss
0001458c   ___bss__
0001458c   _fs
00014590   _loop
00014594   _gain
00014598   _i
0001459c   _input
000145a8   _hAIC23_handle
000145ac   ___end__
000145ac   end
ffffffff   ___TI_pprof_out_hndl
ffffffff   ___TI_prof_data_size
ffffffff   ___TI_prof_data_start
ffffffff   ___binit__
ffffffff   ___c_args__
ffffffff   ___pinit__
ffffffff   binit
ffffffff   pinit

[130 symbols]
