******************************************************************************
               TMS320C6x Linker PC v7.4.7                      
******************************************************************************
>> Linked Mon Oct 02 19:07:13 2023

OUTPUT FILE NAME:   <DSP.out>
ENTRY POINT SYMBOL: "_c_int00"  address: 000029c0


MEMORY CONFIGURATION

         name            origin    length      used     unused   attr    fill
----------------------  --------  ---------  --------  --------  ----  --------
  IVECS                 00000000   00000220  00000200  00000020  RWIX
  IRAM                  00000220   0002fde0  00003a6e  0002c372  RWIX
  SDRAM                 80000000   01000000  00000000  01000000  RWIX
  FLASH                 90000000   00020000  00000000  00020000  RWIX


SECTION ALLOCATION MAP

 output                                  attributes/
section   page    origin      length       input sections
--------  ----  ----------  ----------   ----------------
.vectors   0    00000000    00000200     
                  00000000    00000200     Vectors_intr.obj (.vectors)

.text      0    00000220    00002ac0     
                  00000220    000006e0     c6713dskinit.obj (.text)
                  00000900    00000480     dsk6713bsl.lib : dsk6713.obj (.text)
                  00000d80    00000340     rts6700.lib : divf.obj (.text:__divf)
                  000010c0    00000300                 : sin.obj (.text:_sin)
                  000013c0    00000300     dsk6713bsl.lib : dsk6713_aic23_opencodec.obj (.text)
                  000016c0    00000280     main.obj (.text:retain)
                  00001940    00000240     rts6700.lib : memcpy62.obj (.text:_memcpy)
                  00001b80    000001c0     csl6713.lib : csl_irq.obj (.text:_IRQ_map)
                  00001d40    000001a0                 : csl_mcbsp.obj (.text:_MCBSP_reset)
                  00001ee0    00000140     dsk6713bsl.lib : dsk6713_aic23_registers.obj (.text)
                  00002020    00000100     csl6713.lib : csl_mcbsp.obj (.text:_MCBSP_open)
                  00002120    00000100                 : csl_mcbsp.obj (.text:_MCBSP_start)
                  00002220    00000100     rts6700.lib : autoinit.obj (.text:__auto_init)
                  00002320    000000e0                 : strasg.obj (.text:__strasg)
                  00002400    000000e0                 : exit.obj (.text:_exit)
                  000024e0    000000e0                 : modf.obj (.text:_modf)
                  000025c0    000000c0                 : round.obj (.text:__nround)
                  00002680    000000c0                 : cpy_tbl.obj (.text:_copy_in)
                  00002740    000000c0     dsk6713bsl.lib : dsk6713_aic23_setfreq.obj (.text)
                  00002800    000000a0     csl6713.lib : csl_mcbsp.obj (.text:_MCBSP_config)
                  000028a0    000000a0                 : csl_irq.obj (.text:_setMux)
                  00002940    00000080     rts6700.lib : cpp_init.obj (.text:___TI_cpp_init)
                  000029c0    00000080                 : boot.obj (.text:_c_int00)
                  00002a40    00000040     csl6713.lib : csl_irq.obj (.text:_IRQ_enable)
                  00002a80    00000040                 : csl_irq.obj (.text:_IRQ_reset)
                  00002ac0    00000040     rts6700.lib : args_main.obj (.text:__args_main)
                  00002b00    00000040                 : trunc.obj (.text:__trunc)
                  00002b40    00000020     Vectors_intr.obj (.text)
                  00002b60    00000020     csl6713.lib : csl_irq.obj (.text:_IRQ_globalDisable)
                  00002b80    00000020                 : csl_irq.obj (.text:_IRQ_globalEnable)
                  00002ba0    00000020                 : csl_irq.obj (.text:_IRQ_nmiEnable)
                  00002bc0    00000020                 : csl_irq.obj (.text:_IRQ_setVecs)
                  00002be0    00000020                 : csl_mcbsp.obj (.text:_MCBSP_getXmtEventId)
                  00002c00    00000020                 : csl_mcbsp.obj (.text:_MCBSP_read)
                  00002c20    00000020                 : csl_mcbsp.obj (.text:_MCBSP_rrdy)
                  00002c40    00000020                 : csl_mcbsp.obj (.text:_MCBSP_write)
                  00002c60    00000020                 : csl_mcbsp.obj (.text:_MCBSP_xrdy)
                  00002c80    00000020     rts6700.lib : exit.obj (.text:_abort)
                  00002ca0    00000020     csl6713.lib : csl_irq.obj (.text)
                  00002cc0    00000020     main.obj (.text)

.stack     0    00002ce0    00000800     UNINITIALIZED
                  00002ce0    00000008     rts6700.lib : boot.obj (.stack)
                  00002ce8    000007f8     --HOLE--

.far       0    000034e0    00000426     UNINITIALIZED
                  000034e0    00000210     main.obj (.far)
                  000036f0    000000f4     csl6713.lib : csl_irq.obj (.far)
                  000037e4    0000004c     c6713dskinit.obj (.far)
                  00003830    00000040     rts6700.lib : sin.obj (.far)
                  00003870    00000038     csl6713.lib : csl_mcbsp.obj (.far)
                  000038a8    00000028     dsk6713bsl.lib : dsk6713_aic23_registers.obj (.far)
                  000038d0    00000020                    : dsk6713_aic23_setfreq.obj (.far)
                  000038f0    0000000c     rts6700.lib : exit.obj (.far)
                  000038fc    00000008     dsk6713bsl.lib : dsk6713_aic23_opencodec.obj (.far)
                  00003904    00000002                    : dsk6713.obj (.far)

.cinit     0    00003908    0000030c     
                  00003908    0000012c     csl6713.lib : csl_irq.obj (.cinit)
                  00003a34    00000004     --HOLE-- [fill = 0]
                  00003a38    00000058     c6713dskinit.obj (.cinit)
                  00003a90    00000054     csl6713.lib : csl_mcbsp.obj (.cinit)
                  00003ae4    00000004     --HOLE-- [fill = 0]
                  00003ae8    00000054     main.obj (.cinit)
                  00003b3c    00000004     --HOLE-- [fill = 0]
                  00003b40    00000048     rts6700.lib : sin.obj (.cinit)
                  00003b88    00000030     dsk6713bsl.lib : dsk6713_aic23_registers.obj (.cinit)
                  00003bb8    0000002c     rts6700.lib : exit.obj (.cinit)
                  00003be4    00000004     --HOLE-- [fill = 0]
                  00003be8    00000028     dsk6713bsl.lib : dsk6713_aic23_setfreq.obj (.cinit)
                  00003c10    00000004     --HOLE-- [fill = 0]

.const     0    00003c14    00000060     
                  00003c14    00000040     dsk6713bsl.lib : dsk6713_aic23_opencodec.obj (.const)
                  00003c54    00000020                    : dsk6713.obj (.const)

.bss       0    00003c74    0000001c     UNINITIALIZED
                  00003c74    00000010     main.obj (.bss)
                  00003c84    0000000c     c6713dskinit.obj (.bss)


GLOBAL SYMBOLS: SORTED ALPHABETICALLY BY Name 

address    name
--------   ----
00003c74   $bss
00003c74   .bss
00000220   .text
00002c80   C$$EXIT
000037e8   _AIC23CfgData
000037e4   _AIC_data
000038fc   _DSK6713_AIC23_codeccontrolhandle
00003900   _DSK6713_AIC23_codecdatahandle
00001fa0   _DSK6713_AIC23_config
000013c0   _DSK6713_AIC23_openCodec
00001f78   _DSK6713_AIC23_rget
00001ee0   _DSK6713_AIC23_rset
00002740   _DSK6713_AIC23_setFreq
00000d14   _DSK6713_getVersion
0000094c   _DSK6713_init
00000c68   _DSK6713_rget
00000c7c   _DSK6713_rset
00003904   _DSK6713_version
00000c90   _DSK6713_wait
00000ce8   _DSK6713_waitusec
00002a40   _IRQ_enable
00002b60   _IRQ_globalDisable
00002b80   _IRQ_globalEnable
00001b80   _IRQ_map
00002ba0   _IRQ_nmiEnable
00002a80   _IRQ_reset
00002bc0   _IRQ_setVecs
00002800   _MCBSP_config
00002be0   _MCBSP_getXmtEventId
00002020   _MCBSP_open
00002c00   _MCBSP_read
00001d40   _MCBSP_reset
00002c20   _MCBSP_rrdy
00002120   _MCBSP_start
00002c40   _MCBSP_write
00002c60   _MCBSP_xrdy
000037dc   __IRQ_dispatchTable
00003718   __IRQ_eventTable
00002ca0   __IRQ_hookFetchPacket
0000379c   __IRQ_intTable
000038a0   __MCBSP_hDev0
000038a4   __MCBSP_hDev1
000034e0   __STACK_END
00000800   __STACK_SIZE
00000001   __TI_args_main
00002940   ___TI_cpp_init
000038f8   ___TI_enable_exit_profile_output
ffffffff   ___TI_pprof_out_hndl
ffffffff   ___TI_prof_data_size
ffffffff   ___TI_prof_data_start
ffffffff   ___binit__
00003c74   ___bss__
ffffffff   ___c_args__
00003908   ___cinit__
00003c90   ___end__
00002ce0   ___etext__
ffffffff   ___pinit__
00000220   ___text__
00002ac0   __args_main
00002220   __auto_init
000038f0   __cleanup_ptr
00000d80   __divf
000038f4   __dtors_ptr
000025c0   __nround
00002ce0   __stack
00002320   __strasg
00002b00   __trunc
00002c80   _abort
00000220   _c6713_dsk_init
000029c0   _c_int00
000016c0   _c_int11
000002f8   _comm_intr
000002cc   _comm_poll
00003808   _config
00002680   _copy_in
00002400   _exit
00003c74   _fs
00003c7c   _gain
00003c8c   _hAIC23_handle
00003c80   _i
00000770   _input_left_sample
00000830   _input_right_sample
000006ac   _input_sample
00003c78   _loop
00002cc0   _main
00001940   _memcpy
000024e0   _modf
000034f0   _out_buffer
000004fc   _output_left_sample
000005d4   _output_right_sample
00000420   _output_sample
000010c0   _sin
000034e0   _sine_table
00000020   _vector1
00000140   _vector10
00000180   _vector12
000001a0   _vector13
000001c0   _vector14
000001e0   _vector15
00000040   _vector2
00000060   _vector3
00000080   _vector4
000000a0   _vector5
000000c0   _vector6
000000e0   _vector7
00000100   _vector8
00000120   _vector9
00000000   _vectors
ffffffff   binit
00003908   cinit
00003c90   end
00002ce0   etext
ffffffff   pinit


GLOBAL SYMBOLS: SORTED BY Symbol Address 

address    name
--------   ----
00000000   _vectors
00000001   __TI_args_main
00000020   _vector1
00000040   _vector2
00000060   _vector3
00000080   _vector4
000000a0   _vector5
000000c0   _vector6
000000e0   _vector7
00000100   _vector8
00000120   _vector9
00000140   _vector10
00000180   _vector12
000001a0   _vector13
000001c0   _vector14
000001e0   _vector15
00000220   .text
00000220   ___text__
00000220   _c6713_dsk_init
000002cc   _comm_poll
000002f8   _comm_intr
00000420   _output_sample
000004fc   _output_left_sample
000005d4   _output_right_sample
000006ac   _input_sample
00000770   _input_left_sample
00000800   __STACK_SIZE
00000830   _input_right_sample
0000094c   _DSK6713_init
00000c68   _DSK6713_rget
00000c7c   _DSK6713_rset
00000c90   _DSK6713_wait
00000ce8   _DSK6713_waitusec
00000d14   _DSK6713_getVersion
00000d80   __divf
000010c0   _sin
000013c0   _DSK6713_AIC23_openCodec
000016c0   _c_int11
00001940   _memcpy
00001b80   _IRQ_map
00001d40   _MCBSP_reset
00001ee0   _DSK6713_AIC23_rset
00001f78   _DSK6713_AIC23_rget
00001fa0   _DSK6713_AIC23_config
00002020   _MCBSP_open
00002120   _MCBSP_start
00002220   __auto_init
00002320   __strasg
00002400   _exit
000024e0   _modf
000025c0   __nround
00002680   _copy_in
00002740   _DSK6713_AIC23_setFreq
00002800   _MCBSP_config
00002940   ___TI_cpp_init
000029c0   _c_int00
00002a40   _IRQ_enable
00002a80   _IRQ_reset
00002ac0   __args_main
00002b00   __trunc
00002b60   _IRQ_globalDisable
00002b80   _IRQ_globalEnable
00002ba0   _IRQ_nmiEnable
00002bc0   _IRQ_setVecs
00002be0   _MCBSP_getXmtEventId
00002c00   _MCBSP_read
00002c20   _MCBSP_rrdy
00002c40   _MCBSP_write
00002c60   _MCBSP_xrdy
00002c80   C$$EXIT
00002c80   _abort
00002ca0   __IRQ_hookFetchPacket
00002cc0   _main
00002ce0   ___etext__
00002ce0   __stack
00002ce0   etext
000034e0   __STACK_END
000034e0   _sine_table
000034f0   _out_buffer
00003718   __IRQ_eventTable
0000379c   __IRQ_intTable
000037dc   __IRQ_dispatchTable
000037e4   _AIC_data
000037e8   _AIC23CfgData
00003808   _config
000038a0   __MCBSP_hDev0
000038a4   __MCBSP_hDev1
000038f0   __cleanup_ptr
000038f4   __dtors_ptr
000038f8   ___TI_enable_exit_profile_output
000038fc   _DSK6713_AIC23_codeccontrolhandle
00003900   _DSK6713_AIC23_codecdatahandle
00003904   _DSK6713_version
00003908   ___cinit__
00003908   cinit
00003c74   $bss
00003c74   .bss
00003c74   ___bss__
00003c74   _fs
00003c78   _loop
00003c7c   _gain
00003c80   _i
00003c8c   _hAIC23_handle
00003c90   ___end__
00003c90   end
ffffffff   ___TI_pprof_out_hndl
ffffffff   ___TI_prof_data_size
ffffffff   ___TI_prof_data_start
ffffffff   ___binit__
ffffffff   ___c_args__
ffffffff   ___pinit__
ffffffff   binit
ffffffff   pinit

[113 symbols]
