<?xml version="1.0"?>
<link_info>
   <banner>TMS320C6x Linker PC v7.4.7</banner>
   <copyright>Copyright (c) 1996-2014 Texas Instruments Incorporated</copyright>
   <link_time>0x652d56a5</link_time>
   <output_file>DSP.out</output_file>
   <entry_point>
      <name>_c_int00</name>
      <address>0x12e80</address>
   </entry_point>
   <input_file_list>
      <input_file id="fl-2">
         <path>.\__LIB__\</path>
         <kind>object</kind>
         <file>DBuff.obj</file>
         <name>DBuff.obj</name>
      </input_file>
      <input_file id="fl-3">
         <path>.\</path>
         <kind>object</kind>
         <file>main.obj</file>
         <name>main.obj</name>
      </input_file>
      <input_file id="fl-4">
         <path>.\</path>
         <kind>object</kind>
         <file>c6713dskinit.obj</file>
         <name>c6713dskinit.obj</name>
      </input_file>
      <input_file id="fl-5">
         <path>.\</path>
         <kind>object</kind>
         <file>Vectors_intr.obj</file>
         <name>Vectors_intr.obj</name>
      </input_file>
      <input_file id="fl-83">
         <path>c:\ti\ccsv6\tools\compiler\c6000_7.4.7\lib\</path>
         <kind>archive</kind>
         <file>rts6700.lib</file>
         <name>boot.obj</name>
      </input_file>
      <input_file id="fl-84">
         <path>c:\ti\ccsv6\tools\compiler\c6000_7.4.7\lib\</path>
         <kind>archive</kind>
         <file>rts6700.lib</file>
         <name>divf.obj</name>
      </input_file>
      <input_file id="fl-85">
         <path>c:\ti\ccsv6\tools\compiler\c6000_7.4.7\lib\</path>
         <kind>archive</kind>
         <file>rts6700.lib</file>
         <name>exit.obj</name>
      </input_file>
      <input_file id="fl-86">
         <path>c:\ti\ccsv6\tools\compiler\c6000_7.4.7\lib\</path>
         <kind>archive</kind>
         <file>rts6700.lib</file>
         <name>memcpy62.obj</name>
      </input_file>
      <input_file id="fl-87">
         <path>c:\ti\ccsv6\tools\compiler\c6000_7.4.7\lib\</path>
         <kind>archive</kind>
         <file>rts6700.lib</file>
         <name>memset.obj</name>
      </input_file>
      <input_file id="fl-88">
         <path>c:\ti\ccsv6\tools\compiler\c6000_7.4.7\lib\</path>
         <kind>archive</kind>
         <file>rts6700.lib</file>
         <name>sin.obj</name>
      </input_file>
      <input_file id="fl-89">
         <path>c:\ti\ccsv6\tools\compiler\c6000_7.4.7\lib\</path>
         <kind>archive</kind>
         <file>rts6700.lib</file>
         <name>trunc.obj</name>
      </input_file>
      <input_file id="fl-8a">
         <path>c:\ti\ccsv6\tools\compiler\c6000_7.4.7\lib\</path>
         <kind>archive</kind>
         <file>rts6700.lib</file>
         <name>args_main.obj</name>
      </input_file>
      <input_file id="fl-8b">
         <path>c:\ti\ccsv6\tools\compiler\c6000_7.4.7\lib\</path>
         <kind>archive</kind>
         <file>rts6700.lib</file>
         <name>autoinit.obj</name>
      </input_file>
      <input_file id="fl-8c">
         <path>c:\ti\ccsv6\tools\compiler\c6000_7.4.7\lib\</path>
         <kind>archive</kind>
         <file>rts6700.lib</file>
         <name>cpp_init.obj</name>
      </input_file>
      <input_file id="fl-8d">
         <path>c:\ti\ccsv6\tools\compiler\c6000_7.4.7\lib\</path>
         <kind>archive</kind>
         <file>rts6700.lib</file>
         <name>cpy_tbl.obj</name>
      </input_file>
      <input_file id="fl-8e">
         <path>c:\ti\ccsv6\tools\compiler\c6000_7.4.7\lib\</path>
         <kind>archive</kind>
         <file>rts6700.lib</file>
         <name>modf.obj</name>
      </input_file>
      <input_file id="fl-8f">
         <path>c:\ti\ccsv6\tools\compiler\c6000_7.4.7\lib\</path>
         <kind>archive</kind>
         <file>rts6700.lib</file>
         <name>round.obj</name>
      </input_file>
      <input_file id="fl-90">
         <path>C:\ti\ccsv6\tools\compiler\c6000_7.4.7\lib\</path>
         <kind>archive</kind>
         <file>csl6713.lib</file>
         <name>csl_irq.obj</name>
      </input_file>
      <input_file id="fl-91">
         <path>C:\ti\ccsv6\tools\compiler\c6000_7.4.7\lib\</path>
         <kind>archive</kind>
         <file>csl6713.lib</file>
         <name>csl_mcbsp.obj</name>
      </input_file>
      <input_file id="fl-92">
         <path>C:\ti\ccsv6\tools\compiler\c6000_7.4.7\lib\</path>
         <kind>archive</kind>
         <file>dsk6713bsl.lib</file>
         <name>dsk6713.obj</name>
      </input_file>
      <input_file id="fl-93">
         <path>C:\ti\ccsv6\tools\compiler\c6000_7.4.7\lib\</path>
         <kind>archive</kind>
         <file>dsk6713bsl.lib</file>
         <name>dsk6713_aic23_opencodec.obj</name>
      </input_file>
      <input_file id="fl-94">
         <path>C:\ti\ccsv6\tools\compiler\c6000_7.4.7\lib\</path>
         <kind>archive</kind>
         <file>dsk6713bsl.lib</file>
         <name>dsk6713_aic23_registers.obj</name>
      </input_file>
      <input_file id="fl-95">
         <path>C:\ti\ccsv6\tools\compiler\c6000_7.4.7\lib\</path>
         <kind>archive</kind>
         <file>dsk6713bsl.lib</file>
         <name>dsk6713_aic23_setfreq.obj</name>
      </input_file>
      <input_file id="fl-96">
         <path>c:\ti\ccsv6\tools\compiler\c6000_7.4.7\lib\</path>
         <kind>archive</kind>
         <file>rts6700.lib</file>
         <name>strasg.obj</name>
      </input_file>
   </input_file_list>
   <object_component_list>
      <object_component id="oc-23">
         <name>.vectors</name>
         <load_address>0x0</load_address>
         <run_address>0x0</run_address>
         <size>0x200</size>
         <input_file_ref idref="fl-5"/>
      </object_component>
      <object_component id="oc-7e">
         <name>.text</name>
         <load_address>0x100e0</load_address>
         <run_address>0x100e0</run_address>
         <size>0x6e0</size>
         <input_file_ref idref="fl-4"/>
      </object_component>
      <object_component id="oc-5e">
         <name>.text</name>
         <load_address>0x107c0</load_address>
         <run_address>0x107c0</run_address>
         <size>0x480</size>
         <input_file_ref idref="fl-92"/>
      </object_component>
      <object_component id="oc-7f">
         <name>.text</name>
         <load_address>0x10c40</load_address>
         <run_address>0x10c40</run_address>
         <size>0x3c0</size>
         <input_file_ref idref="fl-2"/>
      </object_component>
      <object_component id="oc-7c">
         <name>.text:__divf</name>
         <load_address>0x11000</load_address>
         <run_address>0x11000</run_address>
         <size>0x340</size>
         <input_file_ref idref="fl-84"/>
      </object_component>
      <object_component id="oc-7d">
         <name>.text:_sin</name>
         <load_address>0x11340</load_address>
         <run_address>0x11340</run_address>
         <size>0x300</size>
         <input_file_ref idref="fl-88"/>
      </object_component>
      <object_component id="oc-64">
         <name>.text</name>
         <load_address>0x11640</load_address>
         <run_address>0x11640</run_address>
         <size>0x300</size>
         <input_file_ref idref="fl-93"/>
      </object_component>
      <object_component id="oc-84">
         <name>.text:_memcpy</name>
         <load_address>0x11940</load_address>
         <run_address>0x11940</run_address>
         <size>0x240</size>
         <input_file_ref idref="fl-86"/>
      </object_component>
      <object_component id="oc-17">
         <name>.text:retain</name>
         <load_address>0x11b80</load_address>
         <run_address>0x11b80</run_address>
         <size>0x200</size>
         <input_file_ref idref="fl-3"/>
      </object_component>
      <object_component id="oc-8f">
         <name>.text:_IRQ_map</name>
         <load_address>0x11d80</load_address>
         <run_address>0x11d80</run_address>
         <size>0x1c0</size>
         <input_file_ref idref="fl-90"/>
      </object_component>
      <object_component id="oc-99">
         <name>.text:_MCBSP_reset</name>
         <load_address>0x11f40</load_address>
         <run_address>0x11f40</run_address>
         <size>0x1a0</size>
         <input_file_ref idref="fl-91"/>
      </object_component>
      <object_component id="oc-86">
         <name>.text</name>
         <load_address>0x120e0</load_address>
         <run_address>0x120e0</run_address>
         <size>0x1a0</size>
         <input_file_ref idref="fl-3"/>
      </object_component>
      <object_component id="oc-6a">
         <name>.text</name>
         <load_address>0x12280</load_address>
         <run_address>0x12280</run_address>
         <size>0x140</size>
         <input_file_ref idref="fl-94"/>
      </object_component>
      <object_component id="oc-98">
         <name>.text:_memset</name>
         <load_address>0x123c0</load_address>
         <run_address>0x123c0</run_address>
         <size>0x120</size>
         <input_file_ref idref="fl-87"/>
      </object_component>
      <object_component id="oc-81">
         <name>.text:_MCBSP_open</name>
         <load_address>0x124e0</load_address>
         <run_address>0x124e0</run_address>
         <size>0x100</size>
         <input_file_ref idref="fl-91"/>
      </object_component>
      <object_component id="oc-82">
         <name>.text:_MCBSP_start</name>
         <load_address>0x125e0</load_address>
         <run_address>0x125e0</run_address>
         <size>0x100</size>
         <input_file_ref idref="fl-91"/>
      </object_component>
      <object_component id="oc-79">
         <name>.text:__auto_init</name>
         <load_address>0x126e0</load_address>
         <run_address>0x126e0</run_address>
         <size>0x100</size>
         <input_file_ref idref="fl-8b"/>
      </object_component>
      <object_component id="oc-80">
         <name>.text:__strasg</name>
         <load_address>0x127e0</load_address>
         <run_address>0x127e0</run_address>
         <size>0xe0</size>
         <input_file_ref idref="fl-96"/>
      </object_component>
      <object_component id="oc-7b">
         <name>.text:_exit</name>
         <load_address>0x128c0</load_address>
         <run_address>0x128c0</run_address>
         <size>0xe0</size>
         <input_file_ref idref="fl-85"/>
      </object_component>
      <object_component id="oc-8a">
         <name>.text:_modf</name>
         <load_address>0x129a0</load_address>
         <run_address>0x129a0</run_address>
         <size>0xe0</size>
         <input_file_ref idref="fl-8e"/>
      </object_component>
      <object_component id="oc-89">
         <name>.text:__nround</name>
         <load_address>0x12a80</load_address>
         <run_address>0x12a80</run_address>
         <size>0xc0</size>
         <input_file_ref idref="fl-8f"/>
      </object_component>
      <object_component id="oc-83">
         <name>.text:_copy_in</name>
         <load_address>0x12b40</load_address>
         <run_address>0x12b40</run_address>
         <size>0xc0</size>
         <input_file_ref idref="fl-8d"/>
      </object_component>
      <object_component id="oc-70">
         <name>.text</name>
         <load_address>0x12c00</load_address>
         <run_address>0x12c00</run_address>
         <size>0xc0</size>
         <input_file_ref idref="fl-95"/>
      </object_component>
      <object_component id="oc-8b">
         <name>.text:_MCBSP_config</name>
         <load_address>0x12cc0</load_address>
         <run_address>0x12cc0</run_address>
         <size>0xa0</size>
         <input_file_ref idref="fl-91"/>
      </object_component>
      <object_component id="oc-9a">
         <name>.text:_setMux</name>
         <load_address>0x12d60</load_address>
         <run_address>0x12d60</run_address>
         <size>0xa0</size>
         <input_file_ref idref="fl-90"/>
      </object_component>
      <object_component id="oc-85">
         <name>.text:___TI_cpp_init</name>
         <load_address>0x12e00</load_address>
         <run_address>0x12e00</run_address>
         <size>0x80</size>
         <input_file_ref idref="fl-8c"/>
      </object_component>
      <object_component id="oc-e">
         <name>.text:_c_int00</name>
         <load_address>0x12e80</load_address>
         <run_address>0x12e80</run_address>
         <size>0x80</size>
         <input_file_ref idref="fl-83"/>
      </object_component>
      <object_component id="oc-93">
         <name>.text:_IRQ_enable</name>
         <load_address>0x12f00</load_address>
         <run_address>0x12f00</run_address>
         <size>0x40</size>
         <input_file_ref idref="fl-90"/>
      </object_component>
      <object_component id="oc-90">
         <name>.text:_IRQ_reset</name>
         <load_address>0x12f40</load_address>
         <run_address>0x12f40</run_address>
         <size>0x40</size>
         <input_file_ref idref="fl-90"/>
      </object_component>
      <object_component id="oc-7a">
         <name>.text:__args_main</name>
         <load_address>0x12f80</load_address>
         <run_address>0x12f80</run_address>
         <size>0x40</size>
         <input_file_ref idref="fl-8a"/>
      </object_component>
      <object_component id="oc-88">
         <name>.text:__trunc</name>
         <load_address>0x12fc0</load_address>
         <run_address>0x12fc0</run_address>
         <size>0x40</size>
         <input_file_ref idref="fl-89"/>
      </object_component>
      <object_component id="oc-22">
         <name>.text</name>
         <load_address>0x13000</load_address>
         <run_address>0x13000</run_address>
         <size>0x20</size>
         <input_file_ref idref="fl-5"/>
      </object_component>
      <object_component id="oc-8c">
         <name>.text:_IRQ_globalDisable</name>
         <load_address>0x13020</load_address>
         <run_address>0x13020</run_address>
         <size>0x20</size>
         <input_file_ref idref="fl-90"/>
      </object_component>
      <object_component id="oc-91">
         <name>.text:_IRQ_globalEnable</name>
         <load_address>0x13040</load_address>
         <run_address>0x13040</run_address>
         <size>0x20</size>
         <input_file_ref idref="fl-90"/>
      </object_component>
      <object_component id="oc-92">
         <name>.text:_IRQ_nmiEnable</name>
         <load_address>0x13060</load_address>
         <run_address>0x13060</run_address>
         <size>0x20</size>
         <input_file_ref idref="fl-90"/>
      </object_component>
      <object_component id="oc-8e">
         <name>.text:_IRQ_setVecs</name>
         <load_address>0x13080</load_address>
         <run_address>0x13080</run_address>
         <size>0x20</size>
         <input_file_ref idref="fl-90"/>
      </object_component>
      <object_component id="oc-8d">
         <name>.text:_MCBSP_getXmtEventId</name>
         <load_address>0x130a0</load_address>
         <run_address>0x130a0</run_address>
         <size>0x20</size>
         <input_file_ref idref="fl-91"/>
      </object_component>
      <object_component id="oc-97">
         <name>.text:_MCBSP_read</name>
         <load_address>0x130c0</load_address>
         <run_address>0x130c0</run_address>
         <size>0x20</size>
         <input_file_ref idref="fl-91"/>
      </object_component>
      <object_component id="oc-96">
         <name>.text:_MCBSP_rrdy</name>
         <load_address>0x130e0</load_address>
         <run_address>0x130e0</run_address>
         <size>0x20</size>
         <input_file_ref idref="fl-91"/>
      </object_component>
      <object_component id="oc-95">
         <name>.text:_MCBSP_write</name>
         <load_address>0x13100</load_address>
         <run_address>0x13100</run_address>
         <size>0x20</size>
         <input_file_ref idref="fl-91"/>
      </object_component>
      <object_component id="oc-94">
         <name>.text:_MCBSP_xrdy</name>
         <load_address>0x13120</load_address>
         <run_address>0x13120</run_address>
         <size>0x20</size>
         <input_file_ref idref="fl-91"/>
      </object_component>
      <object_component id="oc-87">
         <name>.text:_abort</name>
         <load_address>0x13140</load_address>
         <run_address>0x13140</run_address>
         <size>0x20</size>
         <input_file_ref idref="fl-85"/>
      </object_component>
      <object_component id="oc-53">
         <name>.text</name>
         <load_address>0x13160</load_address>
         <run_address>0x13160</run_address>
         <size>0x20</size>
         <input_file_ref idref="fl-90"/>
      </object_component>
      <object_component id="oc-13">
         <name>.bss</name>
         <uninitialized>true</uninitialized>
         <run_address>0x13cec</run_address>
         <size>0x12</size>
         <input_file_ref idref="fl-3"/>
      </object_component>
      <object_component id="oc-1b">
         <name>.bss</name>
         <uninitialized>true</uninitialized>
         <run_address>0x13d00</run_address>
         <size>0xc</size>
         <input_file_ref idref="fl-4"/>
      </object_component>
      <object_component id="oc-54">
         <name>.cinit</name>
         <load_address>0x13980</load_address>
         <run_address>0x13980</run_address>
         <size>0x12c</size>
         <input_file_ref idref="fl-90"/>
      </object_component>
      <object_component id="oc-1d">
         <name>.cinit</name>
         <load_address>0x13ab0</load_address>
         <run_address>0x13ab0</run_address>
         <size>0x58</size>
         <input_file_ref idref="fl-4"/>
      </object_component>
      <object_component id="oc-59">
         <name>.cinit</name>
         <load_address>0x13b08</load_address>
         <run_address>0x13b08</run_address>
         <size>0x54</size>
         <input_file_ref idref="fl-91"/>
      </object_component>
      <object_component id="oc-15">
         <name>.cinit</name>
         <load_address>0x13b60</load_address>
         <run_address>0x13b60</run_address>
         <size>0x54</size>
         <input_file_ref idref="fl-3"/>
      </object_component>
      <object_component id="oc-3a">
         <name>.cinit</name>
         <load_address>0x13bb8</load_address>
         <run_address>0x13bb8</run_address>
         <size>0x48</size>
         <input_file_ref idref="fl-88"/>
      </object_component>
      <object_component id="oc-6b">
         <name>.cinit</name>
         <load_address>0x13c00</load_address>
         <run_address>0x13c00</run_address>
         <size>0x30</size>
         <input_file_ref idref="fl-94"/>
      </object_component>
      <object_component id="oc-2f">
         <name>.cinit</name>
         <load_address>0x13c30</load_address>
         <run_address>0x13c30</run_address>
         <size>0x2c</size>
         <input_file_ref idref="fl-85"/>
      </object_component>
      <object_component id="oc-71">
         <name>.cinit</name>
         <load_address>0x13c60</load_address>
         <run_address>0x13c60</run_address>
         <size>0x28</size>
         <input_file_ref idref="fl-95"/>
      </object_component>
      <object_component id="oc-28">
         <name>.stack</name>
         <uninitialized>true</uninitialized>
         <run_address>0x13180</run_address>
         <size>0x8</size>
         <input_file_ref idref="fl-83"/>
      </object_component>
      <object_component id="oc-b0">
         <name>.stack</name>
         <uninitialized>true</uninitialized>
         <run_address>0x13180</run_address>
         <size>0x0</size>
      </object_component>
      <object_component id="oc-66">
         <name>.const</name>
         <load_address>0x13c8c</load_address>
         <run_address>0x13c8c</run_address>
         <size>0x40</size>
         <input_file_ref idref="fl-93"/>
      </object_component>
      <object_component id="oc-60">
         <name>.const</name>
         <load_address>0x13ccc</load_address>
         <run_address>0x13ccc</run_address>
         <size>0x20</size>
         <input_file_ref idref="fl-92"/>
      </object_component>
      <object_component id="oc-16">
         <name>.far</name>
         <uninitialized>true</uninitialized>
         <run_address>0x220</run_address>
         <size>0xfca8</size>
         <input_file_ref idref="fl-3"/>
      </object_component>
      <object_component id="oc-1e">
         <name>.far</name>
         <uninitialized>true</uninitialized>
         <run_address>0xffbc</run_address>
         <size>0x4c</size>
         <input_file_ref idref="fl-4"/>
      </object_component>
      <object_component id="oc-30">
         <name>.far</name>
         <uninitialized>true</uninitialized>
         <run_address>0x100c8</run_address>
         <size>0xc</size>
         <input_file_ref idref="fl-85"/>
      </object_component>
      <object_component id="oc-3b">
         <name>.far</name>
         <uninitialized>true</uninitialized>
         <run_address>0x10008</run_address>
         <size>0x40</size>
         <input_file_ref idref="fl-88"/>
      </object_component>
      <object_component id="oc-55">
         <name>.far</name>
         <uninitialized>true</uninitialized>
         <run_address>0xfec8</run_address>
         <size>0xf4</size>
         <input_file_ref idref="fl-90"/>
      </object_component>
      <object_component id="oc-5a">
         <name>.far</name>
         <uninitialized>true</uninitialized>
         <run_address>0x10048</run_address>
         <size>0x38</size>
         <input_file_ref idref="fl-91"/>
      </object_component>
      <object_component id="oc-5f">
         <name>.far</name>
         <uninitialized>true</uninitialized>
         <run_address>0x100dc</run_address>
         <size>0x2</size>
         <input_file_ref idref="fl-92"/>
      </object_component>
      <object_component id="oc-65">
         <name>.far</name>
         <uninitialized>true</uninitialized>
         <run_address>0x100d4</run_address>
         <size>0x8</size>
         <input_file_ref idref="fl-93"/>
      </object_component>
      <object_component id="oc-6c">
         <name>.far</name>
         <uninitialized>true</uninitialized>
         <run_address>0x10080</run_address>
         <size>0x28</size>
         <input_file_ref idref="fl-94"/>
      </object_component>
      <object_component id="oc-72">
         <name>.far</name>
         <uninitialized>true</uninitialized>
         <run_address>0x100a8</run_address>
         <size>0x20</size>
         <input_file_ref idref="fl-95"/>
      </object_component>
      <object_component id="oc-f">
         <name>.debug_info</name>
         <load_address>0x0</load_address>
         <run_address>0x0</run_address>
         <size>0xacb</size>
         <input_file_ref idref="fl-2"/>
      </object_component>
      <object_component id="oc-14">
         <name>.debug_info</name>
         <load_address>0xacb</load_address>
         <run_address>0xacb</run_address>
         <size>0xbf6</size>
         <input_file_ref idref="fl-3"/>
      </object_component>
      <object_component id="oc-1c">
         <name>.debug_info</name>
         <load_address>0x16c1</load_address>
         <run_address>0x16c1</run_address>
         <size>0x14ce</size>
         <input_file_ref idref="fl-4"/>
      </object_component>
      <object_component id="oc-24">
         <name>.debug_info</name>
         <load_address>0x2b8f</load_address>
         <run_address>0x2b8f</run_address>
         <size>0x102</size>
         <input_file_ref idref="fl-5"/>
      </object_component>
      <object_component id="oc-27">
         <name>.debug_info</name>
         <load_address>0x2c91</load_address>
         <run_address>0x2c91</run_address>
         <size>0x70c</size>
         <input_file_ref idref="fl-83"/>
      </object_component>
      <object_component id="oc-2b">
         <name>.debug_info</name>
         <load_address>0x339d</load_address>
         <run_address>0x339d</run_address>
         <size>0x8cf</size>
         <input_file_ref idref="fl-84"/>
      </object_component>
      <object_component id="oc-2e">
         <name>.debug_info</name>
         <load_address>0x3c6c</load_address>
         <run_address>0x3c6c</run_address>
         <size>0x7ff</size>
         <input_file_ref idref="fl-85"/>
      </object_component>
      <object_component id="oc-33">
         <name>.debug_info</name>
         <load_address>0x446b</load_address>
         <run_address>0x446b</run_address>
         <size>0x791</size>
         <input_file_ref idref="fl-86"/>
      </object_component>
      <object_component id="oc-36">
         <name>.debug_info</name>
         <load_address>0x4bfc</load_address>
         <run_address>0x4bfc</run_address>
         <size>0x730</size>
         <input_file_ref idref="fl-87"/>
      </object_component>
      <object_component id="oc-39">
         <name>.debug_info</name>
         <load_address>0x532c</load_address>
         <run_address>0x532c</run_address>
         <size>0x717</size>
         <input_file_ref idref="fl-88"/>
      </object_component>
      <object_component id="oc-3e">
         <name>.debug_info</name>
         <load_address>0x5a43</load_address>
         <run_address>0x5a43</run_address>
         <size>0x652</size>
         <input_file_ref idref="fl-89"/>
      </object_component>
      <object_component id="oc-41">
         <name>.debug_info</name>
         <load_address>0x6095</load_address>
         <run_address>0x6095</run_address>
         <size>0x6e2</size>
         <input_file_ref idref="fl-8a"/>
      </object_component>
      <object_component id="oc-44">
         <name>.debug_info</name>
         <load_address>0x6777</load_address>
         <run_address>0x6777</run_address>
         <size>0x871</size>
         <input_file_ref idref="fl-8b"/>
      </object_component>
      <object_component id="oc-47">
         <name>.debug_info</name>
         <load_address>0x6fe8</load_address>
         <run_address>0x6fe8</run_address>
         <size>0x6e9</size>
         <input_file_ref idref="fl-8c"/>
      </object_component>
      <object_component id="oc-4a">
         <name>.debug_info</name>
         <load_address>0x76d1</load_address>
         <run_address>0x76d1</run_address>
         <size>0x7df</size>
         <input_file_ref idref="fl-8d"/>
      </object_component>
      <object_component id="oc-4d">
         <name>.debug_info</name>
         <load_address>0x7eb0</load_address>
         <run_address>0x7eb0</run_address>
         <size>0x681</size>
         <input_file_ref idref="fl-8e"/>
      </object_component>
      <object_component id="oc-50">
         <name>.debug_info</name>
         <load_address>0x8531</load_address>
         <run_address>0x8531</run_address>
         <size>0x654</size>
         <input_file_ref idref="fl-8f"/>
      </object_component>
      <object_component id="oc-57">
         <name>.debug_info</name>
         <load_address>0x8b85</load_address>
         <run_address>0x8b85</run_address>
         <size>0xd61</size>
         <input_file_ref idref="fl-90"/>
      </object_component>
      <object_component id="oc-5c">
         <name>.debug_info</name>
         <load_address>0x98e6</load_address>
         <run_address>0x98e6</run_address>
         <size>0xec5</size>
         <input_file_ref idref="fl-91"/>
      </object_component>
      <object_component id="oc-62">
         <name>.debug_info</name>
         <load_address>0xa7ab</load_address>
         <run_address>0xa7ab</run_address>
         <size>0x8a7</size>
         <input_file_ref idref="fl-92"/>
      </object_component>
      <object_component id="oc-68">
         <name>.debug_info</name>
         <load_address>0xb052</load_address>
         <run_address>0xb052</run_address>
         <size>0x89f</size>
         <input_file_ref idref="fl-93"/>
      </object_component>
      <object_component id="oc-6e">
         <name>.debug_info</name>
         <load_address>0xb8f1</load_address>
         <run_address>0xb8f1</run_address>
         <size>0x929</size>
         <input_file_ref idref="fl-94"/>
      </object_component>
      <object_component id="oc-74">
         <name>.debug_info</name>
         <load_address>0xc21a</load_address>
         <run_address>0xc21a</run_address>
         <size>0x5b3</size>
         <input_file_ref idref="fl-95"/>
      </object_component>
      <object_component id="oc-76">
         <name>.debug_info</name>
         <load_address>0xc7cd</load_address>
         <run_address>0xc7cd</run_address>
         <size>0xd9</size>
         <input_file_ref idref="fl-96"/>
      </object_component>
      <object_component id="oc-b1">
         <name>.debug_info</name>
         <load_address>0xc8a6</load_address>
         <run_address>0xc8a6</run_address>
         <size>0x6d</size>
      </object_component>
      <object_component id="oc-10">
         <name>.debug_frame</name>
         <load_address>0x0</load_address>
         <run_address>0x0</run_address>
         <size>0x2cf</size>
         <input_file_ref idref="fl-2"/>
      </object_component>
      <object_component id="oc-18">
         <name>.debug_frame</name>
         <load_address>0x2cf</load_address>
         <run_address>0x2cf</run_address>
         <size>0x327</size>
         <input_file_ref idref="fl-3"/>
      </object_component>
      <object_component id="oc-1f">
         <name>.debug_frame</name>
         <load_address>0x5f6</load_address>
         <run_address>0x5f6</run_address>
         <size>0x34e</size>
         <input_file_ref idref="fl-4"/>
      </object_component>
      <object_component id="oc-11">
         <name>.debug_line</name>
         <load_address>0x0</load_address>
         <run_address>0x0</run_address>
         <size>0xcd</size>
         <input_file_ref idref="fl-2"/>
      </object_component>
      <object_component id="oc-19">
         <name>.debug_line</name>
         <load_address>0xcd</load_address>
         <run_address>0xcd</run_address>
         <size>0xc4</size>
         <input_file_ref idref="fl-3"/>
      </object_component>
      <object_component id="oc-20">
         <name>.debug_line</name>
         <load_address>0x191</load_address>
         <run_address>0x191</run_address>
         <size>0x156</size>
         <input_file_ref idref="fl-4"/>
      </object_component>
      <object_component id="oc-25">
         <name>.debug_line</name>
         <load_address>0x2e7</load_address>
         <run_address>0x2e7</run_address>
         <size>0xcd</size>
         <input_file_ref idref="fl-5"/>
      </object_component>
      <object_component id="oc-29">
         <name>.debug_line</name>
         <load_address>0x3b4</load_address>
         <run_address>0x3b4</run_address>
         <size>0x3d</size>
         <input_file_ref idref="fl-83"/>
      </object_component>
      <object_component id="oc-2c">
         <name>.debug_line</name>
         <load_address>0x3f1</load_address>
         <run_address>0x3f1</run_address>
         <size>0x3c</size>
         <input_file_ref idref="fl-84"/>
      </object_component>
      <object_component id="oc-31">
         <name>.debug_line</name>
         <load_address>0x42d</load_address>
         <run_address>0x42d</run_address>
         <size>0x4f</size>
         <input_file_ref idref="fl-85"/>
      </object_component>
      <object_component id="oc-34">
         <name>.debug_line</name>
         <load_address>0x47c</load_address>
         <run_address>0x47c</run_address>
         <size>0x4e</size>
         <input_file_ref idref="fl-86"/>
      </object_component>
      <object_component id="oc-37">
         <name>.debug_line</name>
         <load_address>0x4ca</load_address>
         <run_address>0x4ca</run_address>
         <size>0x47</size>
         <input_file_ref idref="fl-87"/>
      </object_component>
      <object_component id="oc-3c">
         <name>.debug_line</name>
         <load_address>0x511</load_address>
         <run_address>0x511</run_address>
         <size>0x54</size>
         <input_file_ref idref="fl-88"/>
      </object_component>
      <object_component id="oc-3f">
         <name>.debug_line</name>
         <load_address>0x565</load_address>
         <run_address>0x565</run_address>
         <size>0x38</size>
         <input_file_ref idref="fl-89"/>
      </object_component>
      <object_component id="oc-42">
         <name>.debug_line</name>
         <load_address>0x59d</load_address>
         <run_address>0x59d</run_address>
         <size>0x41</size>
         <input_file_ref idref="fl-8a"/>
      </object_component>
      <object_component id="oc-45">
         <name>.debug_line</name>
         <load_address>0x5de</load_address>
         <run_address>0x5de</run_address>
         <size>0x47</size>
         <input_file_ref idref="fl-8b"/>
      </object_component>
      <object_component id="oc-48">
         <name>.debug_line</name>
         <load_address>0x625</load_address>
         <run_address>0x625</run_address>
         <size>0x45</size>
         <input_file_ref idref="fl-8c"/>
      </object_component>
      <object_component id="oc-4b">
         <name>.debug_line</name>
         <load_address>0x66a</load_address>
         <run_address>0x66a</run_address>
         <size>0x44</size>
         <input_file_ref idref="fl-8d"/>
      </object_component>
      <object_component id="oc-4e">
         <name>.debug_line</name>
         <load_address>0x6ae</load_address>
         <run_address>0x6ae</run_address>
         <size>0x37</size>
         <input_file_ref idref="fl-8e"/>
      </object_component>
      <object_component id="oc-51">
         <name>.debug_line</name>
         <load_address>0x6e5</load_address>
         <run_address>0x6e5</run_address>
         <size>0x38</size>
         <input_file_ref idref="fl-8f"/>
      </object_component>
      <object_component id="oc-58">
         <name>.debug_line</name>
         <load_address>0x71d</load_address>
         <run_address>0x71d</run_address>
         <size>0x120</size>
         <input_file_ref idref="fl-90"/>
      </object_component>
      <object_component id="oc-5d">
         <name>.debug_line</name>
         <load_address>0x83d</load_address>
         <run_address>0x83d</run_address>
         <size>0x141</size>
         <input_file_ref idref="fl-91"/>
      </object_component>
      <object_component id="oc-63">
         <name>.debug_line</name>
         <load_address>0x97e</load_address>
         <run_address>0x97e</run_address>
         <size>0xb2</size>
         <input_file_ref idref="fl-92"/>
      </object_component>
      <object_component id="oc-69">
         <name>.debug_line</name>
         <load_address>0xa30</load_address>
         <run_address>0xa30</run_address>
         <size>0x4f</size>
         <input_file_ref idref="fl-93"/>
      </object_component>
      <object_component id="oc-6f">
         <name>.debug_line</name>
         <load_address>0xa7f</load_address>
         <run_address>0xa7f</run_address>
         <size>0x7e</size>
         <input_file_ref idref="fl-94"/>
      </object_component>
      <object_component id="oc-75">
         <name>.debug_line</name>
         <load_address>0xafd</load_address>
         <run_address>0xafd</run_address>
         <size>0x52</size>
         <input_file_ref idref="fl-95"/>
      </object_component>
      <object_component id="oc-77">
         <name>.debug_line</name>
         <load_address>0xb4f</load_address>
         <run_address>0xb4f</run_address>
         <size>0x48</size>
         <input_file_ref idref="fl-96"/>
      </object_component>
      <object_component id="oc-12">
         <name>.debug_abbrev</name>
         <load_address>0x0</load_address>
         <run_address>0x0</run_address>
         <size>0x123</size>
         <input_file_ref idref="fl-2"/>
      </object_component>
      <object_component id="oc-1a">
         <name>.debug_abbrev</name>
         <load_address>0x123</load_address>
         <run_address>0x123</run_address>
         <size>0x193</size>
         <input_file_ref idref="fl-3"/>
      </object_component>
      <object_component id="oc-21">
         <name>.debug_abbrev</name>
         <load_address>0x2b6</load_address>
         <run_address>0x2b6</run_address>
         <size>0x195</size>
         <input_file_ref idref="fl-4"/>
      </object_component>
      <object_component id="oc-26">
         <name>.debug_abbrev</name>
         <load_address>0x44b</load_address>
         <run_address>0x44b</run_address>
         <size>0x20</size>
         <input_file_ref idref="fl-5"/>
      </object_component>
      <object_component id="oc-2a">
         <name>.debug_abbrev</name>
         <load_address>0x46b</load_address>
         <run_address>0x46b</run_address>
         <size>0xfe</size>
         <input_file_ref idref="fl-83"/>
      </object_component>
      <object_component id="oc-2d">
         <name>.debug_abbrev</name>
         <load_address>0x569</load_address>
         <run_address>0x569</run_address>
         <size>0xe7</size>
         <input_file_ref idref="fl-84"/>
      </object_component>
      <object_component id="oc-32">
         <name>.debug_abbrev</name>
         <load_address>0x650</load_address>
         <run_address>0x650</run_address>
         <size>0x119</size>
         <input_file_ref idref="fl-85"/>
      </object_component>
      <object_component id="oc-35">
         <name>.debug_abbrev</name>
         <load_address>0x769</load_address>
         <run_address>0x769</run_address>
         <size>0xd5</size>
         <input_file_ref idref="fl-86"/>
      </object_component>
      <object_component id="oc-38">
         <name>.debug_abbrev</name>
         <load_address>0x83e</load_address>
         <run_address>0x83e</run_address>
         <size>0xd0</size>
         <input_file_ref idref="fl-87"/>
      </object_component>
      <object_component id="oc-3d">
         <name>.debug_abbrev</name>
         <load_address>0x90e</load_address>
         <run_address>0x90e</run_address>
         <size>0xcc</size>
         <input_file_ref idref="fl-88"/>
      </object_component>
      <object_component id="oc-40">
         <name>.debug_abbrev</name>
         <load_address>0x9da</load_address>
         <run_address>0x9da</run_address>
         <size>0xaf</size>
         <input_file_ref idref="fl-89"/>
      </object_component>
      <object_component id="oc-43">
         <name>.debug_abbrev</name>
         <load_address>0xa89</load_address>
         <run_address>0xa89</run_address>
         <size>0xe1</size>
         <input_file_ref idref="fl-8a"/>
      </object_component>
      <object_component id="oc-46">
         <name>.debug_abbrev</name>
         <load_address>0xb6a</load_address>
         <run_address>0xb6a</run_address>
         <size>0x13f</size>
         <input_file_ref idref="fl-8b"/>
      </object_component>
      <object_component id="oc-49">
         <name>.debug_abbrev</name>
         <load_address>0xca9</load_address>
         <run_address>0xca9</run_address>
         <size>0xdd</size>
         <input_file_ref idref="fl-8c"/>
      </object_component>
      <object_component id="oc-4c">
         <name>.debug_abbrev</name>
         <load_address>0xd86</load_address>
         <run_address>0xd86</run_address>
         <size>0x10c</size>
         <input_file_ref idref="fl-8d"/>
      </object_component>
      <object_component id="oc-4f">
         <name>.debug_abbrev</name>
         <load_address>0xe92</load_address>
         <run_address>0xe92</run_address>
         <size>0xa1</size>
         <input_file_ref idref="fl-8e"/>
      </object_component>
      <object_component id="oc-52">
         <name>.debug_abbrev</name>
         <load_address>0xf33</load_address>
         <run_address>0xf33</run_address>
         <size>0xaf</size>
         <input_file_ref idref="fl-8f"/>
      </object_component>
      <object_component id="oc-56">
         <name>.debug_abbrev</name>
         <load_address>0xfe2</load_address>
         <run_address>0xfe2</run_address>
         <size>0x1b7</size>
         <input_file_ref idref="fl-90"/>
      </object_component>
      <object_component id="oc-5b">
         <name>.debug_abbrev</name>
         <load_address>0x1199</load_address>
         <run_address>0x1199</run_address>
         <size>0x1a3</size>
         <input_file_ref idref="fl-91"/>
      </object_component>
      <object_component id="oc-61">
         <name>.debug_abbrev</name>
         <load_address>0x133c</load_address>
         <run_address>0x133c</run_address>
         <size>0x196</size>
         <input_file_ref idref="fl-92"/>
      </object_component>
      <object_component id="oc-67">
         <name>.debug_abbrev</name>
         <load_address>0x14d2</load_address>
         <run_address>0x14d2</run_address>
         <size>0x126</size>
         <input_file_ref idref="fl-93"/>
      </object_component>
      <object_component id="oc-6d">
         <name>.debug_abbrev</name>
         <load_address>0x15f8</load_address>
         <run_address>0x15f8</run_address>
         <size>0x14e</size>
         <input_file_ref idref="fl-94"/>
      </object_component>
      <object_component id="oc-73">
         <name>.debug_abbrev</name>
         <load_address>0x1746</load_address>
         <run_address>0x1746</run_address>
         <size>0xf1</size>
         <input_file_ref idref="fl-95"/>
      </object_component>
      <object_component id="oc-78">
         <name>.debug_abbrev</name>
         <load_address>0x1837</load_address>
         <run_address>0x1837</run_address>
         <size>0x3a</size>
         <input_file_ref idref="fl-96"/>
      </object_component>
      <object_component id="oc-b2">
         <name>.debug_abbrev</name>
         <load_address>0x1871</load_address>
         <run_address>0x1871</run_address>
         <size>0xd</size>
      </object_component>
   </object_component_list>
   <logical_group_list>
      <logical_group id="lg-2">
         <name>.EXT_RAM</name>
         <run_address>0x0</run_address>
         <size>0x0</size>
         <contents>
         </contents>
      </logical_group>
      <logical_group id="lg-3">
         <name>.vectors</name>
         <load_address>0x0</load_address>
         <run_address>0x0</run_address>
         <size>0x200</size>
         <contents>
            <object_component_ref idref="oc-23"/>
         </contents>
      </logical_group>
      <logical_group id="lg-4">
         <name>.text</name>
         <load_address>0x100e0</load_address>
         <run_address>0x100e0</run_address>
         <size>0x30a0</size>
         <contents>
            <object_component_ref idref="oc-7e"/>
            <object_component_ref idref="oc-5e"/>
            <object_component_ref idref="oc-7f"/>
            <object_component_ref idref="oc-7c"/>
            <object_component_ref idref="oc-7d"/>
            <object_component_ref idref="oc-64"/>
            <object_component_ref idref="oc-84"/>
            <object_component_ref idref="oc-17"/>
            <object_component_ref idref="oc-8f"/>
            <object_component_ref idref="oc-99"/>
            <object_component_ref idref="oc-86"/>
            <object_component_ref idref="oc-6a"/>
            <object_component_ref idref="oc-98"/>
            <object_component_ref idref="oc-81"/>
            <object_component_ref idref="oc-82"/>
            <object_component_ref idref="oc-79"/>
            <object_component_ref idref="oc-80"/>
            <object_component_ref idref="oc-7b"/>
            <object_component_ref idref="oc-8a"/>
            <object_component_ref idref="oc-89"/>
            <object_component_ref idref="oc-83"/>
            <object_component_ref idref="oc-70"/>
            <object_component_ref idref="oc-8b"/>
            <object_component_ref idref="oc-9a"/>
            <object_component_ref idref="oc-85"/>
            <object_component_ref idref="oc-e"/>
            <object_component_ref idref="oc-93"/>
            <object_component_ref idref="oc-90"/>
            <object_component_ref idref="oc-7a"/>
            <object_component_ref idref="oc-88"/>
            <object_component_ref idref="oc-22"/>
            <object_component_ref idref="oc-8c"/>
            <object_component_ref idref="oc-91"/>
            <object_component_ref idref="oc-92"/>
            <object_component_ref idref="oc-8e"/>
            <object_component_ref idref="oc-8d"/>
            <object_component_ref idref="oc-97"/>
            <object_component_ref idref="oc-96"/>
            <object_component_ref idref="oc-95"/>
            <object_component_ref idref="oc-94"/>
            <object_component_ref idref="oc-87"/>
            <object_component_ref idref="oc-53"/>
         </contents>
      </logical_group>
      <logical_group id="lg-5">
         <name>.bss</name>
         <run_address>0x13cec</run_address>
         <size>0x20</size>
         <contents>
            <object_component_ref idref="oc-13"/>
            <object_component_ref idref="oc-1b"/>
         </contents>
      </logical_group>
      <logical_group id="lg-6">
         <name>.cinit</name>
         <load_address>0x13980</load_address>
         <run_address>0x13980</run_address>
         <size>0x30c</size>
         <contents>
            <object_component_ref idref="oc-54"/>
            <object_component_ref idref="oc-1d"/>
            <object_component_ref idref="oc-59"/>
            <object_component_ref idref="oc-15"/>
            <object_component_ref idref="oc-3a"/>
            <object_component_ref idref="oc-6b"/>
            <object_component_ref idref="oc-2f"/>
            <object_component_ref idref="oc-71"/>
         </contents>
      </logical_group>
      <logical_group id="lg-7">
         <name>.stack</name>
         <run_address>0x13180</run_address>
         <size>0x800</size>
         <contents>
            <object_component_ref idref="oc-28"/>
            <object_component_ref idref="oc-b0"/>
         </contents>
      </logical_group>
      <logical_group id="lg-8">
         <name>.sysmem</name>
         <run_address>0x0</run_address>
         <size>0x0</size>
         <contents>
         </contents>
      </logical_group>
      <logical_group id="lg-9">
         <name>.const</name>
         <load_address>0x13c8c</load_address>
         <run_address>0x13c8c</run_address>
         <size>0x60</size>
         <contents>
            <object_component_ref idref="oc-66"/>
            <object_component_ref idref="oc-60"/>
         </contents>
      </logical_group>
      <logical_group id="lg-a">
         <name>.switch</name>
         <run_address>0x0</run_address>
         <size>0x0</size>
         <contents>
         </contents>
      </logical_group>
      <logical_group id="lg-b">
         <name>.far</name>
         <run_address>0x220</run_address>
         <size>0xfebe</size>
         <contents>
            <object_component_ref idref="oc-16"/>
            <object_component_ref idref="oc-1e"/>
            <object_component_ref idref="oc-30"/>
            <object_component_ref idref="oc-3b"/>
            <object_component_ref idref="oc-55"/>
            <object_component_ref idref="oc-5a"/>
            <object_component_ref idref="oc-5f"/>
            <object_component_ref idref="oc-65"/>
            <object_component_ref idref="oc-6c"/>
            <object_component_ref idref="oc-72"/>
         </contents>
      </logical_group>
      <logical_group id="lg-c">
         <name>.cio</name>
         <run_address>0x0</run_address>
         <size>0x0</size>
         <contents>
         </contents>
      </logical_group>
      <logical_group id="lg-d">
         <name>.csldata</name>
         <run_address>0x0</run_address>
         <size>0x0</size>
         <contents>
         </contents>
      </logical_group>
      <logical_group id="lg-a7">
         <name>.debug_info</name>
         <load_address>0x0</load_address>
         <run_address>0x0</run_address>
         <size>0xc913</size>
         <contents>
            <object_component_ref idref="oc-f"/>
            <object_component_ref idref="oc-14"/>
            <object_component_ref idref="oc-1c"/>
            <object_component_ref idref="oc-24"/>
            <object_component_ref idref="oc-27"/>
            <object_component_ref idref="oc-2b"/>
            <object_component_ref idref="oc-2e"/>
            <object_component_ref idref="oc-33"/>
            <object_component_ref idref="oc-36"/>
            <object_component_ref idref="oc-39"/>
            <object_component_ref idref="oc-3e"/>
            <object_component_ref idref="oc-41"/>
            <object_component_ref idref="oc-44"/>
            <object_component_ref idref="oc-47"/>
            <object_component_ref idref="oc-4a"/>
            <object_component_ref idref="oc-4d"/>
            <object_component_ref idref="oc-50"/>
            <object_component_ref idref="oc-57"/>
            <object_component_ref idref="oc-5c"/>
            <object_component_ref idref="oc-62"/>
            <object_component_ref idref="oc-68"/>
            <object_component_ref idref="oc-6e"/>
            <object_component_ref idref="oc-74"/>
            <object_component_ref idref="oc-76"/>
            <object_component_ref idref="oc-b1"/>
         </contents>
      </logical_group>
      <logical_group id="lg-a9">
         <name>.debug_frame</name>
         <load_address>0x0</load_address>
         <run_address>0x0</run_address>
         <size>0x944</size>
         <contents>
            <object_component_ref idref="oc-10"/>
            <object_component_ref idref="oc-18"/>
            <object_component_ref idref="oc-1f"/>
         </contents>
      </logical_group>
      <logical_group id="lg-ab">
         <name>.debug_line</name>
         <load_address>0x0</load_address>
         <run_address>0x0</run_address>
         <size>0xb97</size>
         <contents>
            <object_component_ref idref="oc-11"/>
            <object_component_ref idref="oc-19"/>
            <object_component_ref idref="oc-20"/>
            <object_component_ref idref="oc-25"/>
            <object_component_ref idref="oc-29"/>
            <object_component_ref idref="oc-2c"/>
            <object_component_ref idref="oc-31"/>
            <object_component_ref idref="oc-34"/>
            <object_component_ref idref="oc-37"/>
            <object_component_ref idref="oc-3c"/>
            <object_component_ref idref="oc-3f"/>
            <object_component_ref idref="oc-42"/>
            <object_component_ref idref="oc-45"/>
            <object_component_ref idref="oc-48"/>
            <object_component_ref idref="oc-4b"/>
            <object_component_ref idref="oc-4e"/>
            <object_component_ref idref="oc-51"/>
            <object_component_ref idref="oc-58"/>
            <object_component_ref idref="oc-5d"/>
            <object_component_ref idref="oc-63"/>
            <object_component_ref idref="oc-69"/>
            <object_component_ref idref="oc-6f"/>
            <object_component_ref idref="oc-75"/>
            <object_component_ref idref="oc-77"/>
         </contents>
      </logical_group>
      <logical_group id="lg-ad">
         <name>.debug_abbrev</name>
         <load_address>0x0</load_address>
         <run_address>0x0</run_address>
         <size>0x187e</size>
         <contents>
            <object_component_ref idref="oc-12"/>
            <object_component_ref idref="oc-1a"/>
            <object_component_ref idref="oc-21"/>
            <object_component_ref idref="oc-26"/>
            <object_component_ref idref="oc-2a"/>
            <object_component_ref idref="oc-2d"/>
            <object_component_ref idref="oc-32"/>
            <object_component_ref idref="oc-35"/>
            <object_component_ref idref="oc-38"/>
            <object_component_ref idref="oc-3d"/>
            <object_component_ref idref="oc-40"/>
            <object_component_ref idref="oc-43"/>
            <object_component_ref idref="oc-46"/>
            <object_component_ref idref="oc-49"/>
            <object_component_ref idref="oc-4c"/>
            <object_component_ref idref="oc-4f"/>
            <object_component_ref idref="oc-52"/>
            <object_component_ref idref="oc-56"/>
            <object_component_ref idref="oc-5b"/>
            <object_component_ref idref="oc-61"/>
            <object_component_ref idref="oc-67"/>
            <object_component_ref idref="oc-6d"/>
            <object_component_ref idref="oc-73"/>
            <object_component_ref idref="oc-78"/>
            <object_component_ref idref="oc-b2"/>
         </contents>
      </logical_group>
   </logical_group_list>
   <placement_map>
      <memory_area>
         <name>IVECS</name>
         <page_id>0x0</page_id>
         <origin>0x0</origin>
         <length>0x220</length>
         <used_space>0x200</used_space>
         <unused_space>0x20</unused_space>
         <attributes>RWIX</attributes>
         <usage_details>
            <allocated_space>
               <start_address>0x0</start_address>
               <size>0x200</size>
               <logical_group_ref idref="lg-3"/>
            </allocated_space>
            <available_space>
               <start_address>0x200</start_address>
               <size>0x20</size>
            </available_space>
         </usage_details>
      </memory_area>
      <memory_area>
         <name>IRAM</name>
         <page_id>0x0</page_id>
         <origin>0x220</origin>
         <length>0x2fde0</length>
         <used_space>0x13aea</used_space>
         <unused_space>0x1c2f6</unused_space>
         <attributes>RWIX</attributes>
         <usage_details>
            <allocated_space>
               <start_address>0x220</start_address>
               <size>0xfebe</size>
               <logical_group_ref idref="lg-b"/>
            </allocated_space>
            <available_space>
               <start_address>0x100de</start_address>
               <size>0x2</size>
            </available_space>
            <allocated_space>
               <start_address>0x100e0</start_address>
               <size>0x30a0</size>
               <logical_group_ref idref="lg-4"/>
            </allocated_space>
            <allocated_space>
               <start_address>0x13180</start_address>
               <size>0x800</size>
               <logical_group_ref idref="lg-7"/>
            </allocated_space>
            <allocated_space>
               <start_address>0x13980</start_address>
               <size>0x30c</size>
               <logical_group_ref idref="lg-6"/>
            </allocated_space>
            <allocated_space>
               <start_address>0x13c8c</start_address>
               <size>0x60</size>
               <logical_group_ref idref="lg-9"/>
            </allocated_space>
            <allocated_space>
               <start_address>0x13cec</start_address>
               <size>0x20</size>
               <logical_group_ref idref="lg-5"/>
            </allocated_space>
            <available_space>
               <start_address>0x13d0c</start_address>
               <size>0x1c2f4</size>
            </available_space>
         </usage_details>
      </memory_area>
      <memory_area>
         <name>SDRAM</name>
         <page_id>0x0</page_id>
         <origin>0x80000000</origin>
         <length>0x1000000</length>
         <used_space>0x0</used_space>
         <unused_space>0x1000000</unused_space>
         <attributes>RWIX</attributes>
         <usage_details>
         </usage_details>
      </memory_area>
      <memory_area>
         <name>FLASH</name>
         <page_id>0x0</page_id>
         <origin>0x90000000</origin>
         <length>0x20000</length>
         <used_space>0x0</used_space>
         <unused_space>0x20000</unused_space>
         <attributes>RWIX</attributes>
         <usage_details>
         </usage_details>
      </memory_area>
   </placement_map>
   <symbol_table>
      <symbol id="sm-0">
         <name>cinit</name>
         <value>0x13980</value>
      </symbol>
      <symbol id="sm-1">
         <name>___cinit__</name>
         <value>0x13980</value>
      </symbol>
      <symbol id="sm-2">
         <name>pinit</name>
         <value>0xffffffff</value>
      </symbol>
      <symbol id="sm-3">
         <name>___pinit__</name>
         <value>0xffffffff</value>
      </symbol>
      <symbol id="sm-4">
         <name>binit</name>
         <value>0xffffffff</value>
      </symbol>
      <symbol id="sm-5">
         <name>___binit__</name>
         <value>0xffffffff</value>
      </symbol>
      <symbol id="sm-6">
         <name>__STACK_SIZE</name>
         <value>0x800</value>
      </symbol>
      <symbol id="sm-7">
         <name>__STACK_END</name>
         <value>0x13980</value>
      </symbol>
      <symbol id="sm-8">
         <name>___c_args__</name>
         <value>0xffffffff</value>
      </symbol>
      <symbol id="sm-9">
         <name>.text</name>
         <value>0x100e0</value>
      </symbol>
      <symbol id="sm-a">
         <name>___text__</name>
         <value>0x100e0</value>
      </symbol>
      <symbol id="sm-b">
         <name>etext</name>
         <value>0x13180</value>
      </symbol>
      <symbol id="sm-c">
         <name>___etext__</name>
         <value>0x13180</value>
      </symbol>
      <symbol id="sm-d">
         <name>.bss</name>
         <value>0x13cec</value>
      </symbol>
      <symbol id="sm-e">
         <name>___bss__</name>
         <value>0x13cec</value>
      </symbol>
      <symbol id="sm-f">
         <name>end</name>
         <value>0x13d0c</value>
      </symbol>
      <symbol id="sm-10">
         <name>___end__</name>
         <value>0x13d0c</value>
      </symbol>
      <symbol id="sm-11">
         <name>___TI_pprof_out_hndl</name>
         <value>0xffffffff</value>
      </symbol>
      <symbol id="sm-12">
         <name>___TI_prof_data_start</name>
         <value>0xffffffff</value>
      </symbol>
      <symbol id="sm-13">
         <name>___TI_prof_data_size</name>
         <value>0xffffffff</value>
      </symbol>
      <symbol id="sm-14">
         <name>$bss</name>
         <value>0x13cec</value>
      </symbol>
      <symbol id="sm-4b">
         <name>_Buffer_pushPeriod</name>
         <value>0x10f1c</value>
         <object_component_ref idref="oc-7f"/>
      </symbol>
      <symbol id="sm-4c">
         <name>_Buffer_pop</name>
         <value>0x10d4c</value>
         <object_component_ref idref="oc-7f"/>
      </symbol>
      <symbol id="sm-4d">
         <name>_Buffer_popPeriod</name>
         <value>0x10e14</value>
         <object_component_ref idref="oc-7f"/>
      </symbol>
      <symbol id="sm-4e">
         <name>_Buffer_push</name>
         <value>0x10ca8</value>
         <object_component_ref idref="oc-7f"/>
      </symbol>
      <symbol id="sm-4f">
         <name>_Buffer_init</name>
         <value>0x10c40</value>
         <object_component_ref idref="oc-7f"/>
      </symbol>
      <symbol id="sm-73">
         <name>_main</name>
         <value>0x1221c</value>
         <object_component_ref idref="oc-86"/>
      </symbol>
      <symbol id="sm-74">
         <name>_buhany_jeffer</name>
         <value>0x813c</value>
         <object_component_ref idref="oc-16"/>
      </symbol>
      <symbol id="sm-75">
         <name>_gain</name>
         <value>0x13cf4</value>
         <object_component_ref idref="oc-13"/>
      </symbol>
      <symbol id="sm-76">
         <name>_jehany_buffer</name>
         <value>0x430</value>
         <object_component_ref idref="oc-16"/>
      </symbol>
      <symbol id="sm-77">
         <name>_loop</name>
         <value>0x13cf0</value>
         <object_component_ref idref="oc-13"/>
      </symbol>
      <symbol id="sm-78">
         <name>_Buffer_wrap</name>
         <value>0x12134</value>
         <object_component_ref idref="oc-86"/>
      </symbol>
      <symbol id="sm-79">
         <name>_c_int11</name>
         <value>0x11b80</value>
         <object_component_ref idref="oc-17"/>
      </symbol>
      <symbol id="sm-7a">
         <name>_period</name>
         <value>0xfe48</value>
         <object_component_ref idref="oc-16"/>
      </symbol>
      <symbol id="sm-7b">
         <name>_out_buffer</name>
         <value>0x230</value>
         <object_component_ref idref="oc-16"/>
      </symbol>
      <symbol id="sm-7c">
         <name>_fs</name>
         <value>0x13cec</value>
         <object_component_ref idref="oc-13"/>
      </symbol>
      <symbol id="sm-7d">
         <name>_sine_table</name>
         <value>0x220</value>
         <object_component_ref idref="oc-16"/>
      </symbol>
      <symbol id="sm-7e">
         <name>_wrap</name>
         <value>0x120e0</value>
         <object_component_ref idref="oc-86"/>
      </symbol>
      <symbol id="sm-7f">
         <name>_i</name>
         <value>0x13cf8</value>
         <object_component_ref idref="oc-13"/>
      </symbol>
      <symbol id="sm-80">
         <name>_input</name>
         <value>0x13cfc</value>
         <object_component_ref idref="oc-13"/>
      </symbol>
      <symbol id="sm-81">
         <name>_Buffer_wrapP</name>
         <value>0x12184</value>
         <object_component_ref idref="oc-86"/>
      </symbol>
      <symbol id="sm-cd">
         <name>_comm_poll</name>
         <value>0x1018c</value>
         <object_component_ref idref="oc-7e"/>
      </symbol>
      <symbol id="sm-ce">
         <name>_output_left_sample</name>
         <value>0x103bc</value>
         <object_component_ref idref="oc-7e"/>
      </symbol>
      <symbol id="sm-cf">
         <name>_comm_intr</name>
         <value>0x101b8</value>
         <object_component_ref idref="oc-7e"/>
      </symbol>
      <symbol id="sm-d0">
         <name>_input_left_sample</name>
         <value>0x10630</value>
         <object_component_ref idref="oc-7e"/>
      </symbol>
      <symbol id="sm-d1">
         <name>_output_sample</name>
         <value>0x102e0</value>
         <object_component_ref idref="oc-7e"/>
      </symbol>
      <symbol id="sm-d2">
         <name>_c6713_dsk_init</name>
         <value>0x100e0</value>
         <object_component_ref idref="oc-7e"/>
      </symbol>
      <symbol id="sm-d3">
         <name>_config</name>
         <value>0xffe0</value>
         <object_component_ref idref="oc-1e"/>
      </symbol>
      <symbol id="sm-d4">
         <name>_input_right_sample</name>
         <value>0x106f0</value>
         <object_component_ref idref="oc-7e"/>
      </symbol>
      <symbol id="sm-d5">
         <name>_AIC_data</name>
         <value>0xffbc</value>
         <object_component_ref idref="oc-1e"/>
      </symbol>
      <symbol id="sm-d6">
         <name>_hAIC23_handle</name>
         <value>0x13d08</value>
         <object_component_ref idref="oc-1b"/>
      </symbol>
      <symbol id="sm-d7">
         <name>_AIC23CfgData</name>
         <value>0xffc0</value>
         <object_component_ref idref="oc-1e"/>
      </symbol>
      <symbol id="sm-d8">
         <name>_input_sample</name>
         <value>0x1056c</value>
         <object_component_ref idref="oc-7e"/>
      </symbol>
      <symbol id="sm-d9">
         <name>_output_right_sample</name>
         <value>0x10494</value>
         <object_component_ref idref="oc-7e"/>
      </symbol>
      <symbol id="sm-e6">
         <name>_vector10</name>
         <value>0x140</value>
         <object_component_ref idref="oc-23"/>
      </symbol>
      <symbol id="sm-e7">
         <name>_vector12</name>
         <value>0x180</value>
         <object_component_ref idref="oc-23"/>
      </symbol>
      <symbol id="sm-e8">
         <name>_vector13</name>
         <value>0x1a0</value>
         <object_component_ref idref="oc-23"/>
      </symbol>
      <symbol id="sm-e9">
         <name>_vector14</name>
         <value>0x1c0</value>
         <object_component_ref idref="oc-23"/>
      </symbol>
      <symbol id="sm-ea">
         <name>_vector15</name>
         <value>0x1e0</value>
         <object_component_ref idref="oc-23"/>
      </symbol>
      <symbol id="sm-eb">
         <name>_vectors</name>
         <value>0x0</value>
         <object_component_ref idref="oc-23"/>
      </symbol>
      <symbol id="sm-ec">
         <name>_vector1</name>
         <value>0x20</value>
         <object_component_ref idref="oc-23"/>
      </symbol>
      <symbol id="sm-ed">
         <name>_vector3</name>
         <value>0x60</value>
         <object_component_ref idref="oc-23"/>
      </symbol>
      <symbol id="sm-ee">
         <name>_vector2</name>
         <value>0x40</value>
         <object_component_ref idref="oc-23"/>
      </symbol>
      <symbol id="sm-ef">
         <name>_vector5</name>
         <value>0xa0</value>
         <object_component_ref idref="oc-23"/>
      </symbol>
      <symbol id="sm-f0">
         <name>_vector4</name>
         <value>0x80</value>
         <object_component_ref idref="oc-23"/>
      </symbol>
      <symbol id="sm-f1">
         <name>_vector7</name>
         <value>0xe0</value>
         <object_component_ref idref="oc-23"/>
      </symbol>
      <symbol id="sm-f2">
         <name>_vector6</name>
         <value>0xc0</value>
         <object_component_ref idref="oc-23"/>
      </symbol>
      <symbol id="sm-f3">
         <name>_vector9</name>
         <value>0x120</value>
         <object_component_ref idref="oc-23"/>
      </symbol>
      <symbol id="sm-f4">
         <name>_vector8</name>
         <value>0x100</value>
         <object_component_ref idref="oc-23"/>
      </symbol>
      <symbol id="sm-100">
         <name>_c_int00</name>
         <value>0x12e80</value>
         <object_component_ref idref="oc-e"/>
      </symbol>
      <symbol id="sm-101">
         <name>__stack</name>
         <value>0x13180</value>
         <object_component_ref idref="oc-28"/>
      </symbol>
      <symbol id="sm-10b">
         <name>__divf</name>
         <value>0x11000</value>
         <object_component_ref idref="oc-7c"/>
      </symbol>
      <symbol id="sm-11b">
         <name>C$$EXIT</name>
         <value>0x13140</value>
         <object_component_ref idref="oc-87"/>
      </symbol>
      <symbol id="sm-11c">
         <name>_exit</name>
         <value>0x128c0</value>
         <object_component_ref idref="oc-7b"/>
      </symbol>
      <symbol id="sm-11d">
         <name>___TI_enable_exit_profile_output</name>
         <value>0x100d0</value>
         <object_component_ref idref="oc-30"/>
      </symbol>
      <symbol id="sm-11e">
         <name>_abort</name>
         <value>0x13140</value>
         <object_component_ref idref="oc-87"/>
      </symbol>
      <symbol id="sm-11f">
         <name>__cleanup_ptr</name>
         <value>0x100c8</value>
         <object_component_ref idref="oc-30"/>
      </symbol>
      <symbol id="sm-120">
         <name>__dtors_ptr</name>
         <value>0x100cc</value>
         <object_component_ref idref="oc-30"/>
      </symbol>
      <symbol id="sm-12a">
         <name>_memcpy</name>
         <value>0x11940</value>
         <object_component_ref idref="oc-84"/>
      </symbol>
      <symbol id="sm-134">
         <name>_memset</name>
         <value>0x123c0</value>
         <object_component_ref idref="oc-98"/>
      </symbol>
      <symbol id="sm-142">
         <name>_sin</name>
         <value>0x11340</value>
         <object_component_ref idref="oc-7d"/>
      </symbol>
      <symbol id="sm-14c">
         <name>__trunc</name>
         <value>0x12fc0</value>
         <object_component_ref idref="oc-88"/>
      </symbol>
      <symbol id="sm-156">
         <name>__args_main</name>
         <value>0x12f80</value>
         <object_component_ref idref="oc-7a"/>
      </symbol>
      <symbol id="sm-157">
         <name>__TI_args_main</name>
         <value>0x1</value>
      </symbol>
      <symbol id="sm-161">
         <name>__auto_init</name>
         <value>0x126e0</value>
         <object_component_ref idref="oc-79"/>
      </symbol>
      <symbol id="sm-16b">
         <name>___TI_cpp_init</name>
         <value>0x12e00</value>
         <object_component_ref idref="oc-85"/>
      </symbol>
      <symbol id="sm-175">
         <name>_copy_in</name>
         <value>0x12b40</value>
         <object_component_ref idref="oc-83"/>
      </symbol>
      <symbol id="sm-17f">
         <name>_modf</name>
         <value>0x129a0</value>
         <object_component_ref idref="oc-8a"/>
      </symbol>
      <symbol id="sm-189">
         <name>__nround</name>
         <value>0x12a80</value>
         <object_component_ref idref="oc-89"/>
      </symbol>
      <symbol id="sm-1a7">
         <name>_IRQ_setVecs</name>
         <value>0x13080</value>
         <object_component_ref idref="oc-8e"/>
      </symbol>
      <symbol id="sm-1a8">
         <name>__IRQ_eventTable</name>
         <value>0xfef0</value>
         <object_component_ref idref="oc-55"/>
      </symbol>
      <symbol id="sm-1a9">
         <name>_IRQ_nmiEnable</name>
         <value>0x13060</value>
         <object_component_ref idref="oc-92"/>
      </symbol>
      <symbol id="sm-1aa">
         <name>_IRQ_reset</name>
         <value>0x12f40</value>
         <object_component_ref idref="oc-90"/>
      </symbol>
      <symbol id="sm-1ab">
         <name>__IRQ_intTable</name>
         <value>0xff74</value>
         <object_component_ref idref="oc-55"/>
      </symbol>
      <symbol id="sm-1ac">
         <name>_IRQ_globalEnable</name>
         <value>0x13040</value>
         <object_component_ref idref="oc-91"/>
      </symbol>
      <symbol id="sm-1ad">
         <name>_IRQ_globalDisable</name>
         <value>0x13020</value>
         <object_component_ref idref="oc-8c"/>
      </symbol>
      <symbol id="sm-1ae">
         <name>_IRQ_map</name>
         <value>0x11d80</value>
         <object_component_ref idref="oc-8f"/>
      </symbol>
      <symbol id="sm-1af">
         <name>_IRQ_enable</name>
         <value>0x12f00</value>
         <object_component_ref idref="oc-93"/>
      </symbol>
      <symbol id="sm-1b0">
         <name>__IRQ_dispatchTable</name>
         <value>0xffb4</value>
         <object_component_ref idref="oc-55"/>
      </symbol>
      <symbol id="sm-1b1">
         <name>__IRQ_hookFetchPacket</name>
         <value>0x13160</value>
         <object_component_ref idref="oc-53"/>
      </symbol>
      <symbol id="sm-1cf">
         <name>_MCBSP_reset</name>
         <value>0x11f40</value>
         <object_component_ref idref="oc-99"/>
      </symbol>
      <symbol id="sm-1d0">
         <name>_MCBSP_read</name>
         <value>0x130c0</value>
         <object_component_ref idref="oc-97"/>
      </symbol>
      <symbol id="sm-1d1">
         <name>_MCBSP_getXmtEventId</name>
         <value>0x130a0</value>
         <object_component_ref idref="oc-8d"/>
      </symbol>
      <symbol id="sm-1d2">
         <name>_MCBSP_open</name>
         <value>0x124e0</value>
         <object_component_ref idref="oc-81"/>
      </symbol>
      <symbol id="sm-1d3">
         <name>__MCBSP_hDev0</name>
         <value>0x10078</value>
         <object_component_ref idref="oc-5a"/>
      </symbol>
      <symbol id="sm-1d4">
         <name>__MCBSP_hDev1</name>
         <value>0x1007c</value>
         <object_component_ref idref="oc-5a"/>
      </symbol>
      <symbol id="sm-1d5">
         <name>_MCBSP_start</name>
         <value>0x125e0</value>
         <object_component_ref idref="oc-82"/>
      </symbol>
      <symbol id="sm-1d6">
         <name>_MCBSP_rrdy</name>
         <value>0x130e0</value>
         <object_component_ref idref="oc-96"/>
      </symbol>
      <symbol id="sm-1d7">
         <name>_MCBSP_config</name>
         <value>0x12cc0</value>
         <object_component_ref idref="oc-8b"/>
      </symbol>
      <symbol id="sm-1d8">
         <name>_MCBSP_xrdy</name>
         <value>0x13120</value>
         <object_component_ref idref="oc-94"/>
      </symbol>
      <symbol id="sm-1d9">
         <name>_MCBSP_write</name>
         <value>0x13100</value>
         <object_component_ref idref="oc-95"/>
      </symbol>
      <symbol id="sm-1e7">
         <name>_DSK6713_init</name>
         <value>0x1080c</value>
         <object_component_ref idref="oc-5e"/>
      </symbol>
      <symbol id="sm-1e8">
         <name>_DSK6713_version</name>
         <value>0x100dc</value>
         <object_component_ref idref="oc-5f"/>
      </symbol>
      <symbol id="sm-1e9">
         <name>_DSK6713_rget</name>
         <value>0x10b28</value>
         <object_component_ref idref="oc-5e"/>
      </symbol>
      <symbol id="sm-1ea">
         <name>_DSK6713_wait</name>
         <value>0x10b50</value>
         <object_component_ref idref="oc-5e"/>
      </symbol>
      <symbol id="sm-1eb">
         <name>_DSK6713_rset</name>
         <value>0x10b3c</value>
         <object_component_ref idref="oc-5e"/>
      </symbol>
      <symbol id="sm-1ec">
         <name>_DSK6713_waitusec</name>
         <value>0x10ba8</value>
         <object_component_ref idref="oc-5e"/>
      </symbol>
      <symbol id="sm-1ed">
         <name>_DSK6713_getVersion</name>
         <value>0x10bd4</value>
         <object_component_ref idref="oc-5e"/>
      </symbol>
      <symbol id="sm-1fb">
         <name>_DSK6713_AIC23_codeccontrolhandle</name>
         <value>0x100d4</value>
         <object_component_ref idref="oc-65"/>
      </symbol>
      <symbol id="sm-1fc">
         <name>_DSK6713_AIC23_codecdatahandle</name>
         <value>0x100d8</value>
         <object_component_ref idref="oc-65"/>
      </symbol>
      <symbol id="sm-1fd">
         <name>_DSK6713_AIC23_openCodec</name>
         <value>0x11640</value>
         <object_component_ref idref="oc-64"/>
      </symbol>
      <symbol id="sm-20b">
         <name>_DSK6713_AIC23_config</name>
         <value>0x12340</value>
         <object_component_ref idref="oc-6a"/>
      </symbol>
      <symbol id="sm-20c">
         <name>_DSK6713_AIC23_rget</name>
         <value>0x12318</value>
         <object_component_ref idref="oc-6a"/>
      </symbol>
      <symbol id="sm-20d">
         <name>_DSK6713_AIC23_rset</name>
         <value>0x12280</value>
         <object_component_ref idref="oc-6a"/>
      </symbol>
      <symbol id="sm-21b">
         <name>_DSK6713_AIC23_setFreq</name>
         <value>0x12c00</value>
         <object_component_ref idref="oc-70"/>
      </symbol>
      <symbol id="sm-223">
         <name>__strasg</name>
         <value>0x127e0</value>
         <object_component_ref idref="oc-80"/>
      </symbol>
   </symbol_table>
</link_info>
