<?xml version="1.0"?>
<link_info>
   <banner>TMS320C6x Linker PC v7.4.7</banner>
   <copyright>Copyright (c) 1996-2014 Texas Instruments Incorporated</copyright>
   <link_time>0x652418c4</link_time>
   <output_file>DSP.out</output_file>
   <entry_point>
      <name>_c_int00</name>
      <address>0x226a0</address>
   </entry_point>
   <input_file_list>
      <input_file id="fl-2">
         <path>.\__LIB__\</path>
         <kind>object</kind>
         <file>DBuff.obj</file>
         <name>DBuff.obj</name>
      </input_file>
      <input_file id="fl-3">
         <path>.\</path>
         <kind>object</kind>
         <file>main.obj</file>
         <name>main.obj</name>
      </input_file>
      <input_file id="fl-4">
         <path>.\</path>
         <kind>object</kind>
         <file>c6713dskinit.obj</file>
         <name>c6713dskinit.obj</name>
      </input_file>
      <input_file id="fl-5">
         <path>.\</path>
         <kind>object</kind>
         <file>Vectors_intr.obj</file>
         <name>Vectors_intr.obj</name>
      </input_file>
      <input_file id="fl-83">
         <path>c:\ti\ccsv6\tools\compiler\c6000_7.4.7\lib\</path>
         <kind>archive</kind>
         <file>rts6700.lib</file>
         <name>boot.obj</name>
      </input_file>
      <input_file id="fl-84">
         <path>c:\ti\ccsv6\tools\compiler\c6000_7.4.7\lib\</path>
         <kind>archive</kind>
         <file>rts6700.lib</file>
         <name>divf.obj</name>
      </input_file>
      <input_file id="fl-85">
         <path>c:\ti\ccsv6\tools\compiler\c6000_7.4.7\lib\</path>
         <kind>archive</kind>
         <file>rts6700.lib</file>
         <name>exit.obj</name>
      </input_file>
      <input_file id="fl-86">
         <path>c:\ti\ccsv6\tools\compiler\c6000_7.4.7\lib\</path>
         <kind>archive</kind>
         <file>rts6700.lib</file>
         <name>memset.obj</name>
      </input_file>
      <input_file id="fl-87">
         <path>c:\ti\ccsv6\tools\compiler\c6000_7.4.7\lib\</path>
         <kind>archive</kind>
         <file>rts6700.lib</file>
         <name>remu.obj</name>
      </input_file>
      <input_file id="fl-88">
         <path>c:\ti\ccsv6\tools\compiler\c6000_7.4.7\lib\</path>
         <kind>archive</kind>
         <file>rts6700.lib</file>
         <name>sin.obj</name>
      </input_file>
      <input_file id="fl-89">
         <path>c:\ti\ccsv6\tools\compiler\c6000_7.4.7\lib\</path>
         <kind>archive</kind>
         <file>rts6700.lib</file>
         <name>trunc.obj</name>
      </input_file>
      <input_file id="fl-8a">
         <path>c:\ti\ccsv6\tools\compiler\c6000_7.4.7\lib\</path>
         <kind>archive</kind>
         <file>rts6700.lib</file>
         <name>args_main.obj</name>
      </input_file>
      <input_file id="fl-8b">
         <path>c:\ti\ccsv6\tools\compiler\c6000_7.4.7\lib\</path>
         <kind>archive</kind>
         <file>rts6700.lib</file>
         <name>autoinit.obj</name>
      </input_file>
      <input_file id="fl-8c">
         <path>c:\ti\ccsv6\tools\compiler\c6000_7.4.7\lib\</path>
         <kind>archive</kind>
         <file>rts6700.lib</file>
         <name>cpp_init.obj</name>
      </input_file>
      <input_file id="fl-8d">
         <path>c:\ti\ccsv6\tools\compiler\c6000_7.4.7\lib\</path>
         <kind>archive</kind>
         <file>rts6700.lib</file>
         <name>cpy_tbl.obj</name>
      </input_file>
      <input_file id="fl-8e">
         <path>c:\ti\ccsv6\tools\compiler\c6000_7.4.7\lib\</path>
         <kind>archive</kind>
         <file>rts6700.lib</file>
         <name>memcpy62.obj</name>
      </input_file>
      <input_file id="fl-8f">
         <path>c:\ti\ccsv6\tools\compiler\c6000_7.4.7\lib\</path>
         <kind>archive</kind>
         <file>rts6700.lib</file>
         <name>modf.obj</name>
      </input_file>
      <input_file id="fl-90">
         <path>c:\ti\ccsv6\tools\compiler\c6000_7.4.7\lib\</path>
         <kind>archive</kind>
         <file>rts6700.lib</file>
         <name>round.obj</name>
      </input_file>
      <input_file id="fl-91">
         <path>C:\ti\ccsv6\tools\compiler\c6000_7.4.7\lib\</path>
         <kind>archive</kind>
         <file>csl6713.lib</file>
         <name>csl_irq.obj</name>
      </input_file>
      <input_file id="fl-92">
         <path>C:\ti\ccsv6\tools\compiler\c6000_7.4.7\lib\</path>
         <kind>archive</kind>
         <file>csl6713.lib</file>
         <name>csl_mcbsp.obj</name>
      </input_file>
      <input_file id="fl-93">
         <path>C:\ti\ccsv6\tools\compiler\c6000_7.4.7\lib\</path>
         <kind>archive</kind>
         <file>dsk6713bsl.lib</file>
         <name>dsk6713.obj</name>
      </input_file>
      <input_file id="fl-94">
         <path>C:\ti\ccsv6\tools\compiler\c6000_7.4.7\lib\</path>
         <kind>archive</kind>
         <file>dsk6713bsl.lib</file>
         <name>dsk6713_aic23_opencodec.obj</name>
      </input_file>
      <input_file id="fl-95">
         <path>C:\ti\ccsv6\tools\compiler\c6000_7.4.7\lib\</path>
         <kind>archive</kind>
         <file>dsk6713bsl.lib</file>
         <name>dsk6713_aic23_registers.obj</name>
      </input_file>
      <input_file id="fl-96">
         <path>C:\ti\ccsv6\tools\compiler\c6000_7.4.7\lib\</path>
         <kind>archive</kind>
         <file>dsk6713bsl.lib</file>
         <name>dsk6713_aic23_setfreq.obj</name>
      </input_file>
      <input_file id="fl-97">
         <path>c:\ti\ccsv6\tools\compiler\c6000_7.4.7\lib\</path>
         <kind>archive</kind>
         <file>rts6700.lib</file>
         <name>strasg.obj</name>
      </input_file>
   </input_file_list>
   <object_component_list>
      <object_component id="oc-23">
         <name>.vectors</name>
         <load_address>0x0</load_address>
         <run_address>0x0</run_address>
         <size>0x200</size>
         <input_file_ref idref="fl-5"/>
      </object_component>
      <object_component id="oc-81">
         <name>.text</name>
         <load_address>0x1fa60</load_address>
         <run_address>0x1fa60</run_address>
         <size>0x6e0</size>
         <input_file_ref idref="fl-4"/>
      </object_component>
      <object_component id="oc-61">
         <name>.text</name>
         <load_address>0x20140</load_address>
         <run_address>0x20140</run_address>
         <size>0x480</size>
         <input_file_ref idref="fl-93"/>
      </object_component>
      <object_component id="oc-17">
         <name>.text:retain</name>
         <load_address>0x205c0</load_address>
         <run_address>0x205c0</run_address>
         <size>0x360</size>
         <input_file_ref idref="fl-3"/>
      </object_component>
      <object_component id="oc-7f">
         <name>.text:__divf</name>
         <load_address>0x20920</load_address>
         <run_address>0x20920</run_address>
         <size>0x340</size>
         <input_file_ref idref="fl-84"/>
      </object_component>
      <object_component id="oc-80">
         <name>.text:_sin</name>
         <load_address>0x20c60</load_address>
         <run_address>0x20c60</run_address>
         <size>0x300</size>
         <input_file_ref idref="fl-88"/>
      </object_component>
      <object_component id="oc-67">
         <name>.text</name>
         <load_address>0x20f60</load_address>
         <run_address>0x20f60</run_address>
         <size>0x300</size>
         <input_file_ref idref="fl-94"/>
      </object_component>
      <object_component id="oc-87">
         <name>.text:_memcpy</name>
         <load_address>0x21260</load_address>
         <run_address>0x21260</run_address>
         <size>0x240</size>
         <input_file_ref idref="fl-8e"/>
      </object_component>
      <object_component id="oc-82">
         <name>.text</name>
         <load_address>0x214a0</load_address>
         <run_address>0x214a0</run_address>
         <size>0x200</size>
         <input_file_ref idref="fl-2"/>
      </object_component>
      <object_component id="oc-92">
         <name>.text:_IRQ_map</name>
         <load_address>0x216a0</load_address>
         <run_address>0x216a0</run_address>
         <size>0x1c0</size>
         <input_file_ref idref="fl-91"/>
      </object_component>
      <object_component id="oc-9d">
         <name>.text:_MCBSP_reset</name>
         <load_address>0x21860</load_address>
         <run_address>0x21860</run_address>
         <size>0x1a0</size>
         <input_file_ref idref="fl-92"/>
      </object_component>
      <object_component id="oc-6d">
         <name>.text</name>
         <load_address>0x21a00</load_address>
         <run_address>0x21a00</run_address>
         <size>0x140</size>
         <input_file_ref idref="fl-95"/>
      </object_component>
      <object_component id="oc-9b">
         <name>.text:_memset</name>
         <load_address>0x21b40</load_address>
         <run_address>0x21b40</run_address>
         <size>0x120</size>
         <input_file_ref idref="fl-86"/>
      </object_component>
      <object_component id="oc-84">
         <name>.text:_MCBSP_open</name>
         <load_address>0x21c60</load_address>
         <run_address>0x21c60</run_address>
         <size>0x100</size>
         <input_file_ref idref="fl-92"/>
      </object_component>
      <object_component id="oc-85">
         <name>.text:_MCBSP_start</name>
         <load_address>0x21d60</load_address>
         <run_address>0x21d60</run_address>
         <size>0x100</size>
         <input_file_ref idref="fl-92"/>
      </object_component>
      <object_component id="oc-7c">
         <name>.text:__auto_init</name>
         <load_address>0x21e60</load_address>
         <run_address>0x21e60</run_address>
         <size>0x100</size>
         <input_file_ref idref="fl-8b"/>
      </object_component>
      <object_component id="oc-83">
         <name>.text:__strasg</name>
         <load_address>0x21f60</load_address>
         <run_address>0x21f60</run_address>
         <size>0xe0</size>
         <input_file_ref idref="fl-97"/>
      </object_component>
      <object_component id="oc-7e">
         <name>.text:_exit</name>
         <load_address>0x22040</load_address>
         <run_address>0x22040</run_address>
         <size>0xe0</size>
         <input_file_ref idref="fl-85"/>
      </object_component>
      <object_component id="oc-8d">
         <name>.text:_modf</name>
         <load_address>0x22120</load_address>
         <run_address>0x22120</run_address>
         <size>0xe0</size>
         <input_file_ref idref="fl-8f"/>
      </object_component>
      <object_component id="oc-8c">
         <name>.text:__nround</name>
         <load_address>0x22200</load_address>
         <run_address>0x22200</run_address>
         <size>0xc0</size>
         <input_file_ref idref="fl-90"/>
      </object_component>
      <object_component id="oc-86">
         <name>.text:_copy_in</name>
         <load_address>0x222c0</load_address>
         <run_address>0x222c0</run_address>
         <size>0xc0</size>
         <input_file_ref idref="fl-8d"/>
      </object_component>
      <object_component id="oc-73">
         <name>.text</name>
         <load_address>0x22380</load_address>
         <run_address>0x22380</run_address>
         <size>0xc0</size>
         <input_file_ref idref="fl-96"/>
      </object_component>
      <object_component id="oc-8e">
         <name>.text:_MCBSP_config</name>
         <load_address>0x22440</load_address>
         <run_address>0x22440</run_address>
         <size>0xa0</size>
         <input_file_ref idref="fl-92"/>
      </object_component>
      <object_component id="oc-9c">
         <name>.text:__remu</name>
         <load_address>0x224e0</load_address>
         <run_address>0x224e0</run_address>
         <size>0xa0</size>
         <input_file_ref idref="fl-87"/>
      </object_component>
      <object_component id="oc-9e">
         <name>.text:_setMux</name>
         <load_address>0x22580</load_address>
         <run_address>0x22580</run_address>
         <size>0xa0</size>
         <input_file_ref idref="fl-91"/>
      </object_component>
      <object_component id="oc-88">
         <name>.text:___TI_cpp_init</name>
         <load_address>0x22620</load_address>
         <run_address>0x22620</run_address>
         <size>0x80</size>
         <input_file_ref idref="fl-8c"/>
      </object_component>
      <object_component id="oc-e">
         <name>.text:_c_int00</name>
         <load_address>0x226a0</load_address>
         <run_address>0x226a0</run_address>
         <size>0x80</size>
         <input_file_ref idref="fl-83"/>
      </object_component>
      <object_component id="oc-96">
         <name>.text:_IRQ_enable</name>
         <load_address>0x22720</load_address>
         <run_address>0x22720</run_address>
         <size>0x40</size>
         <input_file_ref idref="fl-91"/>
      </object_component>
      <object_component id="oc-93">
         <name>.text:_IRQ_reset</name>
         <load_address>0x22760</load_address>
         <run_address>0x22760</run_address>
         <size>0x40</size>
         <input_file_ref idref="fl-91"/>
      </object_component>
      <object_component id="oc-7d">
         <name>.text:__args_main</name>
         <load_address>0x227a0</load_address>
         <run_address>0x227a0</run_address>
         <size>0x40</size>
         <input_file_ref idref="fl-8a"/>
      </object_component>
      <object_component id="oc-8b">
         <name>.text:__trunc</name>
         <load_address>0x227e0</load_address>
         <run_address>0x227e0</run_address>
         <size>0x40</size>
         <input_file_ref idref="fl-89"/>
      </object_component>
      <object_component id="oc-89">
         <name>.text</name>
         <load_address>0x22820</load_address>
         <run_address>0x22820</run_address>
         <size>0x40</size>
         <input_file_ref idref="fl-3"/>
      </object_component>
      <object_component id="oc-22">
         <name>.text</name>
         <load_address>0x22860</load_address>
         <run_address>0x22860</run_address>
         <size>0x20</size>
         <input_file_ref idref="fl-5"/>
      </object_component>
      <object_component id="oc-8f">
         <name>.text:_IRQ_globalDisable</name>
         <load_address>0x22880</load_address>
         <run_address>0x22880</run_address>
         <size>0x20</size>
         <input_file_ref idref="fl-91"/>
      </object_component>
      <object_component id="oc-94">
         <name>.text:_IRQ_globalEnable</name>
         <load_address>0x228a0</load_address>
         <run_address>0x228a0</run_address>
         <size>0x20</size>
         <input_file_ref idref="fl-91"/>
      </object_component>
      <object_component id="oc-95">
         <name>.text:_IRQ_nmiEnable</name>
         <load_address>0x228c0</load_address>
         <run_address>0x228c0</run_address>
         <size>0x20</size>
         <input_file_ref idref="fl-91"/>
      </object_component>
      <object_component id="oc-91">
         <name>.text:_IRQ_setVecs</name>
         <load_address>0x228e0</load_address>
         <run_address>0x228e0</run_address>
         <size>0x20</size>
         <input_file_ref idref="fl-91"/>
      </object_component>
      <object_component id="oc-90">
         <name>.text:_MCBSP_getXmtEventId</name>
         <load_address>0x22900</load_address>
         <run_address>0x22900</run_address>
         <size>0x20</size>
         <input_file_ref idref="fl-92"/>
      </object_component>
      <object_component id="oc-9a">
         <name>.text:_MCBSP_read</name>
         <load_address>0x22920</load_address>
         <run_address>0x22920</run_address>
         <size>0x20</size>
         <input_file_ref idref="fl-92"/>
      </object_component>
      <object_component id="oc-99">
         <name>.text:_MCBSP_rrdy</name>
         <load_address>0x22940</load_address>
         <run_address>0x22940</run_address>
         <size>0x20</size>
         <input_file_ref idref="fl-92"/>
      </object_component>
      <object_component id="oc-98">
         <name>.text:_MCBSP_write</name>
         <load_address>0x22960</load_address>
         <run_address>0x22960</run_address>
         <size>0x20</size>
         <input_file_ref idref="fl-92"/>
      </object_component>
      <object_component id="oc-97">
         <name>.text:_MCBSP_xrdy</name>
         <load_address>0x22980</load_address>
         <run_address>0x22980</run_address>
         <size>0x20</size>
         <input_file_ref idref="fl-92"/>
      </object_component>
      <object_component id="oc-8a">
         <name>.text:_abort</name>
         <load_address>0x229a0</load_address>
         <run_address>0x229a0</run_address>
         <size>0x20</size>
         <input_file_ref idref="fl-85"/>
      </object_component>
      <object_component id="oc-56">
         <name>.text</name>
         <load_address>0x229c0</load_address>
         <run_address>0x229c0</run_address>
         <size>0x20</size>
         <input_file_ref idref="fl-91"/>
      </object_component>
      <object_component id="oc-13">
         <name>.bss</name>
         <uninitialized>true</uninitialized>
         <run_address>0x2354c</run_address>
         <size>0x12</size>
         <input_file_ref idref="fl-3"/>
      </object_component>
      <object_component id="oc-1b">
         <name>.bss</name>
         <uninitialized>true</uninitialized>
         <run_address>0x23560</run_address>
         <size>0xc</size>
         <input_file_ref idref="fl-4"/>
      </object_component>
      <object_component id="oc-57">
         <name>.cinit</name>
         <load_address>0x231e0</load_address>
         <run_address>0x231e0</run_address>
         <size>0x12c</size>
         <input_file_ref idref="fl-91"/>
      </object_component>
      <object_component id="oc-1d">
         <name>.cinit</name>
         <load_address>0x23310</load_address>
         <run_address>0x23310</run_address>
         <size>0x58</size>
         <input_file_ref idref="fl-4"/>
      </object_component>
      <object_component id="oc-5c">
         <name>.cinit</name>
         <load_address>0x23368</load_address>
         <run_address>0x23368</run_address>
         <size>0x54</size>
         <input_file_ref idref="fl-92"/>
      </object_component>
      <object_component id="oc-15">
         <name>.cinit</name>
         <load_address>0x233c0</load_address>
         <run_address>0x233c0</run_address>
         <size>0x54</size>
         <input_file_ref idref="fl-3"/>
      </object_component>
      <object_component id="oc-3a">
         <name>.cinit</name>
         <load_address>0x23418</load_address>
         <run_address>0x23418</run_address>
         <size>0x48</size>
         <input_file_ref idref="fl-88"/>
      </object_component>
      <object_component id="oc-6e">
         <name>.cinit</name>
         <load_address>0x23460</load_address>
         <run_address>0x23460</run_address>
         <size>0x30</size>
         <input_file_ref idref="fl-95"/>
      </object_component>
      <object_component id="oc-2f">
         <name>.cinit</name>
         <load_address>0x23490</load_address>
         <run_address>0x23490</run_address>
         <size>0x2c</size>
         <input_file_ref idref="fl-85"/>
      </object_component>
      <object_component id="oc-74">
         <name>.cinit</name>
         <load_address>0x234c0</load_address>
         <run_address>0x234c0</run_address>
         <size>0x28</size>
         <input_file_ref idref="fl-96"/>
      </object_component>
      <object_component id="oc-28">
         <name>.stack</name>
         <uninitialized>true</uninitialized>
         <run_address>0x229e0</run_address>
         <size>0x8</size>
         <input_file_ref idref="fl-83"/>
      </object_component>
      <object_component id="oc-b4">
         <name>.stack</name>
         <uninitialized>true</uninitialized>
         <run_address>0x229e0</run_address>
         <size>0x0</size>
      </object_component>
      <object_component id="oc-69">
         <name>.const</name>
         <load_address>0x234ec</load_address>
         <run_address>0x234ec</run_address>
         <size>0x40</size>
         <input_file_ref idref="fl-94"/>
      </object_component>
      <object_component id="oc-63">
         <name>.const</name>
         <load_address>0x2352c</load_address>
         <run_address>0x2352c</run_address>
         <size>0x20</size>
         <input_file_ref idref="fl-93"/>
      </object_component>
      <object_component id="oc-16">
         <name>.far</name>
         <uninitialized>true</uninitialized>
         <run_address>0x220</run_address>
         <size>0x1f618</size>
         <input_file_ref idref="fl-3"/>
      </object_component>
      <object_component id="oc-1e">
         <name>.far</name>
         <uninitialized>true</uninitialized>
         <run_address>0x1f92c</run_address>
         <size>0x4c</size>
         <input_file_ref idref="fl-4"/>
      </object_component>
      <object_component id="oc-30">
         <name>.far</name>
         <uninitialized>true</uninitialized>
         <run_address>0x1fa38</run_address>
         <size>0xc</size>
         <input_file_ref idref="fl-85"/>
      </object_component>
      <object_component id="oc-3b">
         <name>.far</name>
         <uninitialized>true</uninitialized>
         <run_address>0x1f978</run_address>
         <size>0x40</size>
         <input_file_ref idref="fl-88"/>
      </object_component>
      <object_component id="oc-58">
         <name>.far</name>
         <uninitialized>true</uninitialized>
         <run_address>0x1f838</run_address>
         <size>0xf4</size>
         <input_file_ref idref="fl-91"/>
      </object_component>
      <object_component id="oc-5d">
         <name>.far</name>
         <uninitialized>true</uninitialized>
         <run_address>0x1f9b8</run_address>
         <size>0x38</size>
         <input_file_ref idref="fl-92"/>
      </object_component>
      <object_component id="oc-62">
         <name>.far</name>
         <uninitialized>true</uninitialized>
         <run_address>0x1fa4c</run_address>
         <size>0x2</size>
         <input_file_ref idref="fl-93"/>
      </object_component>
      <object_component id="oc-68">
         <name>.far</name>
         <uninitialized>true</uninitialized>
         <run_address>0x1fa44</run_address>
         <size>0x8</size>
         <input_file_ref idref="fl-94"/>
      </object_component>
      <object_component id="oc-6f">
         <name>.far</name>
         <uninitialized>true</uninitialized>
         <run_address>0x1f9f0</run_address>
         <size>0x28</size>
         <input_file_ref idref="fl-95"/>
      </object_component>
      <object_component id="oc-75">
         <name>.far</name>
         <uninitialized>true</uninitialized>
         <run_address>0x1fa18</run_address>
         <size>0x20</size>
         <input_file_ref idref="fl-96"/>
      </object_component>
      <object_component id="oc-f">
         <name>.debug_info</name>
         <load_address>0x0</load_address>
         <run_address>0x0</run_address>
         <size>0x869</size>
         <input_file_ref idref="fl-2"/>
      </object_component>
      <object_component id="oc-14">
         <name>.debug_info</name>
         <load_address>0x869</load_address>
         <run_address>0x869</run_address>
         <size>0xabe</size>
         <input_file_ref idref="fl-3"/>
      </object_component>
      <object_component id="oc-1c">
         <name>.debug_info</name>
         <load_address>0x1327</load_address>
         <run_address>0x1327</run_address>
         <size>0x14ce</size>
         <input_file_ref idref="fl-4"/>
      </object_component>
      <object_component id="oc-24">
         <name>.debug_info</name>
         <load_address>0x27f5</load_address>
         <run_address>0x27f5</run_address>
         <size>0x102</size>
         <input_file_ref idref="fl-5"/>
      </object_component>
      <object_component id="oc-27">
         <name>.debug_info</name>
         <load_address>0x28f7</load_address>
         <run_address>0x28f7</run_address>
         <size>0x70c</size>
         <input_file_ref idref="fl-83"/>
      </object_component>
      <object_component id="oc-2b">
         <name>.debug_info</name>
         <load_address>0x3003</load_address>
         <run_address>0x3003</run_address>
         <size>0x8cf</size>
         <input_file_ref idref="fl-84"/>
      </object_component>
      <object_component id="oc-2e">
         <name>.debug_info</name>
         <load_address>0x38d2</load_address>
         <run_address>0x38d2</run_address>
         <size>0x7ff</size>
         <input_file_ref idref="fl-85"/>
      </object_component>
      <object_component id="oc-33">
         <name>.debug_info</name>
         <load_address>0x40d1</load_address>
         <run_address>0x40d1</run_address>
         <size>0x730</size>
         <input_file_ref idref="fl-86"/>
      </object_component>
      <object_component id="oc-36">
         <name>.debug_info</name>
         <load_address>0x4801</load_address>
         <run_address>0x4801</run_address>
         <size>0xd3</size>
         <input_file_ref idref="fl-87"/>
      </object_component>
      <object_component id="oc-39">
         <name>.debug_info</name>
         <load_address>0x48d4</load_address>
         <run_address>0x48d4</run_address>
         <size>0x717</size>
         <input_file_ref idref="fl-88"/>
      </object_component>
      <object_component id="oc-3e">
         <name>.debug_info</name>
         <load_address>0x4feb</load_address>
         <run_address>0x4feb</run_address>
         <size>0x652</size>
         <input_file_ref idref="fl-89"/>
      </object_component>
      <object_component id="oc-41">
         <name>.debug_info</name>
         <load_address>0x563d</load_address>
         <run_address>0x563d</run_address>
         <size>0x6e2</size>
         <input_file_ref idref="fl-8a"/>
      </object_component>
      <object_component id="oc-44">
         <name>.debug_info</name>
         <load_address>0x5d1f</load_address>
         <run_address>0x5d1f</run_address>
         <size>0x871</size>
         <input_file_ref idref="fl-8b"/>
      </object_component>
      <object_component id="oc-47">
         <name>.debug_info</name>
         <load_address>0x6590</load_address>
         <run_address>0x6590</run_address>
         <size>0x6e9</size>
         <input_file_ref idref="fl-8c"/>
      </object_component>
      <object_component id="oc-4a">
         <name>.debug_info</name>
         <load_address>0x6c79</load_address>
         <run_address>0x6c79</run_address>
         <size>0x7df</size>
         <input_file_ref idref="fl-8d"/>
      </object_component>
      <object_component id="oc-4d">
         <name>.debug_info</name>
         <load_address>0x7458</load_address>
         <run_address>0x7458</run_address>
         <size>0x791</size>
         <input_file_ref idref="fl-8e"/>
      </object_component>
      <object_component id="oc-50">
         <name>.debug_info</name>
         <load_address>0x7be9</load_address>
         <run_address>0x7be9</run_address>
         <size>0x681</size>
         <input_file_ref idref="fl-8f"/>
      </object_component>
      <object_component id="oc-53">
         <name>.debug_info</name>
         <load_address>0x826a</load_address>
         <run_address>0x826a</run_address>
         <size>0x654</size>
         <input_file_ref idref="fl-90"/>
      </object_component>
      <object_component id="oc-5a">
         <name>.debug_info</name>
         <load_address>0x88be</load_address>
         <run_address>0x88be</run_address>
         <size>0xd61</size>
         <input_file_ref idref="fl-91"/>
      </object_component>
      <object_component id="oc-5f">
         <name>.debug_info</name>
         <load_address>0x961f</load_address>
         <run_address>0x961f</run_address>
         <size>0xec5</size>
         <input_file_ref idref="fl-92"/>
      </object_component>
      <object_component id="oc-65">
         <name>.debug_info</name>
         <load_address>0xa4e4</load_address>
         <run_address>0xa4e4</run_address>
         <size>0x8a7</size>
         <input_file_ref idref="fl-93"/>
      </object_component>
      <object_component id="oc-6b">
         <name>.debug_info</name>
         <load_address>0xad8b</load_address>
         <run_address>0xad8b</run_address>
         <size>0x89f</size>
         <input_file_ref idref="fl-94"/>
      </object_component>
      <object_component id="oc-71">
         <name>.debug_info</name>
         <load_address>0xb62a</load_address>
         <run_address>0xb62a</run_address>
         <size>0x929</size>
         <input_file_ref idref="fl-95"/>
      </object_component>
      <object_component id="oc-77">
         <name>.debug_info</name>
         <load_address>0xbf53</load_address>
         <run_address>0xbf53</run_address>
         <size>0x5b3</size>
         <input_file_ref idref="fl-96"/>
      </object_component>
      <object_component id="oc-79">
         <name>.debug_info</name>
         <load_address>0xc506</load_address>
         <run_address>0xc506</run_address>
         <size>0xd9</size>
         <input_file_ref idref="fl-97"/>
      </object_component>
      <object_component id="oc-b5">
         <name>.debug_info</name>
         <load_address>0xc5df</load_address>
         <run_address>0xc5df</run_address>
         <size>0x6d</size>
      </object_component>
      <object_component id="oc-10">
         <name>.debug_frame</name>
         <load_address>0x0</load_address>
         <run_address>0x0</run_address>
         <size>0x299</size>
         <input_file_ref idref="fl-2"/>
      </object_component>
      <object_component id="oc-18">
         <name>.debug_frame</name>
         <load_address>0x299</load_address>
         <run_address>0x299</run_address>
         <size>0x2d7</size>
         <input_file_ref idref="fl-3"/>
      </object_component>
      <object_component id="oc-1f">
         <name>.debug_frame</name>
         <load_address>0x570</load_address>
         <run_address>0x570</run_address>
         <size>0x34e</size>
         <input_file_ref idref="fl-4"/>
      </object_component>
      <object_component id="oc-11">
         <name>.debug_line</name>
         <load_address>0x0</load_address>
         <run_address>0x0</run_address>
         <size>0x88</size>
         <input_file_ref idref="fl-2"/>
      </object_component>
      <object_component id="oc-19">
         <name>.debug_line</name>
         <load_address>0x88</load_address>
         <run_address>0x88</run_address>
         <size>0x9d</size>
         <input_file_ref idref="fl-3"/>
      </object_component>
      <object_component id="oc-20">
         <name>.debug_line</name>
         <load_address>0x125</load_address>
         <run_address>0x125</run_address>
         <size>0x156</size>
         <input_file_ref idref="fl-4"/>
      </object_component>
      <object_component id="oc-25">
         <name>.debug_line</name>
         <load_address>0x27b</load_address>
         <run_address>0x27b</run_address>
         <size>0xcd</size>
         <input_file_ref idref="fl-5"/>
      </object_component>
      <object_component id="oc-29">
         <name>.debug_line</name>
         <load_address>0x348</load_address>
         <run_address>0x348</run_address>
         <size>0x3d</size>
         <input_file_ref idref="fl-83"/>
      </object_component>
      <object_component id="oc-2c">
         <name>.debug_line</name>
         <load_address>0x385</load_address>
         <run_address>0x385</run_address>
         <size>0x3c</size>
         <input_file_ref idref="fl-84"/>
      </object_component>
      <object_component id="oc-31">
         <name>.debug_line</name>
         <load_address>0x3c1</load_address>
         <run_address>0x3c1</run_address>
         <size>0x4f</size>
         <input_file_ref idref="fl-85"/>
      </object_component>
      <object_component id="oc-34">
         <name>.debug_line</name>
         <load_address>0x410</load_address>
         <run_address>0x410</run_address>
         <size>0x47</size>
         <input_file_ref idref="fl-86"/>
      </object_component>
      <object_component id="oc-37">
         <name>.debug_line</name>
         <load_address>0x457</load_address>
         <run_address>0x457</run_address>
         <size>0x41</size>
         <input_file_ref idref="fl-87"/>
      </object_component>
      <object_component id="oc-3c">
         <name>.debug_line</name>
         <load_address>0x498</load_address>
         <run_address>0x498</run_address>
         <size>0x54</size>
         <input_file_ref idref="fl-88"/>
      </object_component>
      <object_component id="oc-3f">
         <name>.debug_line</name>
         <load_address>0x4ec</load_address>
         <run_address>0x4ec</run_address>
         <size>0x38</size>
         <input_file_ref idref="fl-89"/>
      </object_component>
      <object_component id="oc-42">
         <name>.debug_line</name>
         <load_address>0x524</load_address>
         <run_address>0x524</run_address>
         <size>0x41</size>
         <input_file_ref idref="fl-8a"/>
      </object_component>
      <object_component id="oc-45">
         <name>.debug_line</name>
         <load_address>0x565</load_address>
         <run_address>0x565</run_address>
         <size>0x47</size>
         <input_file_ref idref="fl-8b"/>
      </object_component>
      <object_component id="oc-48">
         <name>.debug_line</name>
         <load_address>0x5ac</load_address>
         <run_address>0x5ac</run_address>
         <size>0x45</size>
         <input_file_ref idref="fl-8c"/>
      </object_component>
      <object_component id="oc-4b">
         <name>.debug_line</name>
         <load_address>0x5f1</load_address>
         <run_address>0x5f1</run_address>
         <size>0x44</size>
         <input_file_ref idref="fl-8d"/>
      </object_component>
      <object_component id="oc-4e">
         <name>.debug_line</name>
         <load_address>0x635</load_address>
         <run_address>0x635</run_address>
         <size>0x4e</size>
         <input_file_ref idref="fl-8e"/>
      </object_component>
      <object_component id="oc-51">
         <name>.debug_line</name>
         <load_address>0x683</load_address>
         <run_address>0x683</run_address>
         <size>0x37</size>
         <input_file_ref idref="fl-8f"/>
      </object_component>
      <object_component id="oc-54">
         <name>.debug_line</name>
         <load_address>0x6ba</load_address>
         <run_address>0x6ba</run_address>
         <size>0x38</size>
         <input_file_ref idref="fl-90"/>
      </object_component>
      <object_component id="oc-5b">
         <name>.debug_line</name>
         <load_address>0x6f2</load_address>
         <run_address>0x6f2</run_address>
         <size>0x120</size>
         <input_file_ref idref="fl-91"/>
      </object_component>
      <object_component id="oc-60">
         <name>.debug_line</name>
         <load_address>0x812</load_address>
         <run_address>0x812</run_address>
         <size>0x141</size>
         <input_file_ref idref="fl-92"/>
      </object_component>
      <object_component id="oc-66">
         <name>.debug_line</name>
         <load_address>0x953</load_address>
         <run_address>0x953</run_address>
         <size>0xb2</size>
         <input_file_ref idref="fl-93"/>
      </object_component>
      <object_component id="oc-6c">
         <name>.debug_line</name>
         <load_address>0xa05</load_address>
         <run_address>0xa05</run_address>
         <size>0x4f</size>
         <input_file_ref idref="fl-94"/>
      </object_component>
      <object_component id="oc-72">
         <name>.debug_line</name>
         <load_address>0xa54</load_address>
         <run_address>0xa54</run_address>
         <size>0x7e</size>
         <input_file_ref idref="fl-95"/>
      </object_component>
      <object_component id="oc-78">
         <name>.debug_line</name>
         <load_address>0xad2</load_address>
         <run_address>0xad2</run_address>
         <size>0x52</size>
         <input_file_ref idref="fl-96"/>
      </object_component>
      <object_component id="oc-7a">
         <name>.debug_line</name>
         <load_address>0xb24</load_address>
         <run_address>0xb24</run_address>
         <size>0x48</size>
         <input_file_ref idref="fl-97"/>
      </object_component>
      <object_component id="oc-12">
         <name>.debug_abbrev</name>
         <load_address>0x0</load_address>
         <run_address>0x0</run_address>
         <size>0x115</size>
         <input_file_ref idref="fl-2"/>
      </object_component>
      <object_component id="oc-1a">
         <name>.debug_abbrev</name>
         <load_address>0x115</load_address>
         <run_address>0x115</run_address>
         <size>0x172</size>
         <input_file_ref idref="fl-3"/>
      </object_component>
      <object_component id="oc-21">
         <name>.debug_abbrev</name>
         <load_address>0x287</load_address>
         <run_address>0x287</run_address>
         <size>0x195</size>
         <input_file_ref idref="fl-4"/>
      </object_component>
      <object_component id="oc-26">
         <name>.debug_abbrev</name>
         <load_address>0x41c</load_address>
         <run_address>0x41c</run_address>
         <size>0x20</size>
         <input_file_ref idref="fl-5"/>
      </object_component>
      <object_component id="oc-2a">
         <name>.debug_abbrev</name>
         <load_address>0x43c</load_address>
         <run_address>0x43c</run_address>
         <size>0xfe</size>
         <input_file_ref idref="fl-83"/>
      </object_component>
      <object_component id="oc-2d">
         <name>.debug_abbrev</name>
         <load_address>0x53a</load_address>
         <run_address>0x53a</run_address>
         <size>0xe7</size>
         <input_file_ref idref="fl-84"/>
      </object_component>
      <object_component id="oc-32">
         <name>.debug_abbrev</name>
         <load_address>0x621</load_address>
         <run_address>0x621</run_address>
         <size>0x119</size>
         <input_file_ref idref="fl-85"/>
      </object_component>
      <object_component id="oc-35">
         <name>.debug_abbrev</name>
         <load_address>0x73a</load_address>
         <run_address>0x73a</run_address>
         <size>0xd0</size>
         <input_file_ref idref="fl-86"/>
      </object_component>
      <object_component id="oc-38">
         <name>.debug_abbrev</name>
         <load_address>0x80a</load_address>
         <run_address>0x80a</run_address>
         <size>0x3a</size>
         <input_file_ref idref="fl-87"/>
      </object_component>
      <object_component id="oc-3d">
         <name>.debug_abbrev</name>
         <load_address>0x844</load_address>
         <run_address>0x844</run_address>
         <size>0xcc</size>
         <input_file_ref idref="fl-88"/>
      </object_component>
      <object_component id="oc-40">
         <name>.debug_abbrev</name>
         <load_address>0x910</load_address>
         <run_address>0x910</run_address>
         <size>0xaf</size>
         <input_file_ref idref="fl-89"/>
      </object_component>
      <object_component id="oc-43">
         <name>.debug_abbrev</name>
         <load_address>0x9bf</load_address>
         <run_address>0x9bf</run_address>
         <size>0xe1</size>
         <input_file_ref idref="fl-8a"/>
      </object_component>
      <object_component id="oc-46">
         <name>.debug_abbrev</name>
         <load_address>0xaa0</load_address>
         <run_address>0xaa0</run_address>
         <size>0x13f</size>
         <input_file_ref idref="fl-8b"/>
      </object_component>
      <object_component id="oc-49">
         <name>.debug_abbrev</name>
         <load_address>0xbdf</load_address>
         <run_address>0xbdf</run_address>
         <size>0xdd</size>
         <input_file_ref idref="fl-8c"/>
      </object_component>
      <object_component id="oc-4c">
         <name>.debug_abbrev</name>
         <load_address>0xcbc</load_address>
         <run_address>0xcbc</run_address>
         <size>0x10c</size>
         <input_file_ref idref="fl-8d"/>
      </object_component>
      <object_component id="oc-4f">
         <name>.debug_abbrev</name>
         <load_address>0xdc8</load_address>
         <run_address>0xdc8</run_address>
         <size>0xd5</size>
         <input_file_ref idref="fl-8e"/>
      </object_component>
      <object_component id="oc-52">
         <name>.debug_abbrev</name>
         <load_address>0xe9d</load_address>
         <run_address>0xe9d</run_address>
         <size>0xa1</size>
         <input_file_ref idref="fl-8f"/>
      </object_component>
      <object_component id="oc-55">
         <name>.debug_abbrev</name>
         <load_address>0xf3e</load_address>
         <run_address>0xf3e</run_address>
         <size>0xaf</size>
         <input_file_ref idref="fl-90"/>
      </object_component>
      <object_component id="oc-59">
         <name>.debug_abbrev</name>
         <load_address>0xfed</load_address>
         <run_address>0xfed</run_address>
         <size>0x1b7</size>
         <input_file_ref idref="fl-91"/>
      </object_component>
      <object_component id="oc-5e">
         <name>.debug_abbrev</name>
         <load_address>0x11a4</load_address>
         <run_address>0x11a4</run_address>
         <size>0x1a3</size>
         <input_file_ref idref="fl-92"/>
      </object_component>
      <object_component id="oc-64">
         <name>.debug_abbrev</name>
         <load_address>0x1347</load_address>
         <run_address>0x1347</run_address>
         <size>0x196</size>
         <input_file_ref idref="fl-93"/>
      </object_component>
      <object_component id="oc-6a">
         <name>.debug_abbrev</name>
         <load_address>0x14dd</load_address>
         <run_address>0x14dd</run_address>
         <size>0x126</size>
         <input_file_ref idref="fl-94"/>
      </object_component>
      <object_component id="oc-70">
         <name>.debug_abbrev</name>
         <load_address>0x1603</load_address>
         <run_address>0x1603</run_address>
         <size>0x14e</size>
         <input_file_ref idref="fl-95"/>
      </object_component>
      <object_component id="oc-76">
         <name>.debug_abbrev</name>
         <load_address>0x1751</load_address>
         <run_address>0x1751</run_address>
         <size>0xf1</size>
         <input_file_ref idref="fl-96"/>
      </object_component>
      <object_component id="oc-7b">
         <name>.debug_abbrev</name>
         <load_address>0x1842</load_address>
         <run_address>0x1842</run_address>
         <size>0x3a</size>
         <input_file_ref idref="fl-97"/>
      </object_component>
      <object_component id="oc-b6">
         <name>.debug_abbrev</name>
         <load_address>0x187c</load_address>
         <run_address>0x187c</run_address>
         <size>0xd</size>
      </object_component>
   </object_component_list>
   <logical_group_list>
      <logical_group id="lg-2">
         <name>.EXT_RAM</name>
         <run_address>0x0</run_address>
         <size>0x0</size>
         <contents>
         </contents>
      </logical_group>
      <logical_group id="lg-3">
         <name>.vectors</name>
         <load_address>0x0</load_address>
         <run_address>0x0</run_address>
         <size>0x200</size>
         <contents>
            <object_component_ref idref="oc-23"/>
         </contents>
      </logical_group>
      <logical_group id="lg-4">
         <name>.text</name>
         <load_address>0x1fa60</load_address>
         <run_address>0x1fa60</run_address>
         <size>0x2f80</size>
         <contents>
            <object_component_ref idref="oc-81"/>
            <object_component_ref idref="oc-61"/>
            <object_component_ref idref="oc-17"/>
            <object_component_ref idref="oc-7f"/>
            <object_component_ref idref="oc-80"/>
            <object_component_ref idref="oc-67"/>
            <object_component_ref idref="oc-87"/>
            <object_component_ref idref="oc-82"/>
            <object_component_ref idref="oc-92"/>
            <object_component_ref idref="oc-9d"/>
            <object_component_ref idref="oc-6d"/>
            <object_component_ref idref="oc-9b"/>
            <object_component_ref idref="oc-84"/>
            <object_component_ref idref="oc-85"/>
            <object_component_ref idref="oc-7c"/>
            <object_component_ref idref="oc-83"/>
            <object_component_ref idref="oc-7e"/>
            <object_component_ref idref="oc-8d"/>
            <object_component_ref idref="oc-8c"/>
            <object_component_ref idref="oc-86"/>
            <object_component_ref idref="oc-73"/>
            <object_component_ref idref="oc-8e"/>
            <object_component_ref idref="oc-9c"/>
            <object_component_ref idref="oc-9e"/>
            <object_component_ref idref="oc-88"/>
            <object_component_ref idref="oc-e"/>
            <object_component_ref idref="oc-96"/>
            <object_component_ref idref="oc-93"/>
            <object_component_ref idref="oc-7d"/>
            <object_component_ref idref="oc-8b"/>
            <object_component_ref idref="oc-89"/>
            <object_component_ref idref="oc-22"/>
            <object_component_ref idref="oc-8f"/>
            <object_component_ref idref="oc-94"/>
            <object_component_ref idref="oc-95"/>
            <object_component_ref idref="oc-91"/>
            <object_component_ref idref="oc-90"/>
            <object_component_ref idref="oc-9a"/>
            <object_component_ref idref="oc-99"/>
            <object_component_ref idref="oc-98"/>
            <object_component_ref idref="oc-97"/>
            <object_component_ref idref="oc-8a"/>
            <object_component_ref idref="oc-56"/>
         </contents>
      </logical_group>
      <logical_group id="lg-5">
         <name>.bss</name>
         <run_address>0x2354c</run_address>
         <size>0x20</size>
         <contents>
            <object_component_ref idref="oc-13"/>
            <object_component_ref idref="oc-1b"/>
         </contents>
      </logical_group>
      <logical_group id="lg-6">
         <name>.cinit</name>
         <load_address>0x231e0</load_address>
         <run_address>0x231e0</run_address>
         <size>0x30c</size>
         <contents>
            <object_component_ref idref="oc-57"/>
            <object_component_ref idref="oc-1d"/>
            <object_component_ref idref="oc-5c"/>
            <object_component_ref idref="oc-15"/>
            <object_component_ref idref="oc-3a"/>
            <object_component_ref idref="oc-6e"/>
            <object_component_ref idref="oc-2f"/>
            <object_component_ref idref="oc-74"/>
         </contents>
      </logical_group>
      <logical_group id="lg-7">
         <name>.stack</name>
         <run_address>0x229e0</run_address>
         <size>0x800</size>
         <contents>
            <object_component_ref idref="oc-28"/>
            <object_component_ref idref="oc-b4"/>
         </contents>
      </logical_group>
      <logical_group id="lg-8">
         <name>.sysmem</name>
         <run_address>0x0</run_address>
         <size>0x0</size>
         <contents>
         </contents>
      </logical_group>
      <logical_group id="lg-9">
         <name>.const</name>
         <load_address>0x234ec</load_address>
         <run_address>0x234ec</run_address>
         <size>0x60</size>
         <contents>
            <object_component_ref idref="oc-69"/>
            <object_component_ref idref="oc-63"/>
         </contents>
      </logical_group>
      <logical_group id="lg-a">
         <name>.switch</name>
         <run_address>0x0</run_address>
         <size>0x0</size>
         <contents>
         </contents>
      </logical_group>
      <logical_group id="lg-b">
         <name>.far</name>
         <run_address>0x220</run_address>
         <size>0x1f82e</size>
         <contents>
            <object_component_ref idref="oc-16"/>
            <object_component_ref idref="oc-1e"/>
            <object_component_ref idref="oc-30"/>
            <object_component_ref idref="oc-3b"/>
            <object_component_ref idref="oc-58"/>
            <object_component_ref idref="oc-5d"/>
            <object_component_ref idref="oc-62"/>
            <object_component_ref idref="oc-68"/>
            <object_component_ref idref="oc-6f"/>
            <object_component_ref idref="oc-75"/>
         </contents>
      </logical_group>
      <logical_group id="lg-c">
         <name>.cio</name>
         <run_address>0x0</run_address>
         <size>0x0</size>
         <contents>
         </contents>
      </logical_group>
      <logical_group id="lg-d">
         <name>.csldata</name>
         <run_address>0x0</run_address>
         <size>0x0</size>
         <contents>
         </contents>
      </logical_group>
      <logical_group id="lg-ab">
         <name>.debug_info</name>
         <load_address>0x0</load_address>
         <run_address>0x0</run_address>
         <size>0xc64c</size>
         <contents>
            <object_component_ref idref="oc-f"/>
            <object_component_ref idref="oc-14"/>
            <object_component_ref idref="oc-1c"/>
            <object_component_ref idref="oc-24"/>
            <object_component_ref idref="oc-27"/>
            <object_component_ref idref="oc-2b"/>
            <object_component_ref idref="oc-2e"/>
            <object_component_ref idref="oc-33"/>
            <object_component_ref idref="oc-36"/>
            <object_component_ref idref="oc-39"/>
            <object_component_ref idref="oc-3e"/>
            <object_component_ref idref="oc-41"/>
            <object_component_ref idref="oc-44"/>
            <object_component_ref idref="oc-47"/>
            <object_component_ref idref="oc-4a"/>
            <object_component_ref idref="oc-4d"/>
            <object_component_ref idref="oc-50"/>
            <object_component_ref idref="oc-53"/>
            <object_component_ref idref="oc-5a"/>
            <object_component_ref idref="oc-5f"/>
            <object_component_ref idref="oc-65"/>
            <object_component_ref idref="oc-6b"/>
            <object_component_ref idref="oc-71"/>
            <object_component_ref idref="oc-77"/>
            <object_component_ref idref="oc-79"/>
            <object_component_ref idref="oc-b5"/>
         </contents>
      </logical_group>
      <logical_group id="lg-ad">
         <name>.debug_frame</name>
         <load_address>0x0</load_address>
         <run_address>0x0</run_address>
         <size>0x8be</size>
         <contents>
            <object_component_ref idref="oc-10"/>
            <object_component_ref idref="oc-18"/>
            <object_component_ref idref="oc-1f"/>
         </contents>
      </logical_group>
      <logical_group id="lg-af">
         <name>.debug_line</name>
         <load_address>0x0</load_address>
         <run_address>0x0</run_address>
         <size>0xb6c</size>
         <contents>
            <object_component_ref idref="oc-11"/>
            <object_component_ref idref="oc-19"/>
            <object_component_ref idref="oc-20"/>
            <object_component_ref idref="oc-25"/>
            <object_component_ref idref="oc-29"/>
            <object_component_ref idref="oc-2c"/>
            <object_component_ref idref="oc-31"/>
            <object_component_ref idref="oc-34"/>
            <object_component_ref idref="oc-37"/>
            <object_component_ref idref="oc-3c"/>
            <object_component_ref idref="oc-3f"/>
            <object_component_ref idref="oc-42"/>
            <object_component_ref idref="oc-45"/>
            <object_component_ref idref="oc-48"/>
            <object_component_ref idref="oc-4b"/>
            <object_component_ref idref="oc-4e"/>
            <object_component_ref idref="oc-51"/>
            <object_component_ref idref="oc-54"/>
            <object_component_ref idref="oc-5b"/>
            <object_component_ref idref="oc-60"/>
            <object_component_ref idref="oc-66"/>
            <object_component_ref idref="oc-6c"/>
            <object_component_ref idref="oc-72"/>
            <object_component_ref idref="oc-78"/>
            <object_component_ref idref="oc-7a"/>
         </contents>
      </logical_group>
      <logical_group id="lg-b1">
         <name>.debug_abbrev</name>
         <load_address>0x0</load_address>
         <run_address>0x0</run_address>
         <size>0x1889</size>
         <contents>
            <object_component_ref idref="oc-12"/>
            <object_component_ref idref="oc-1a"/>
            <object_component_ref idref="oc-21"/>
            <object_component_ref idref="oc-26"/>
            <object_component_ref idref="oc-2a"/>
            <object_component_ref idref="oc-2d"/>
            <object_component_ref idref="oc-32"/>
            <object_component_ref idref="oc-35"/>
            <object_component_ref idref="oc-38"/>
            <object_component_ref idref="oc-3d"/>
            <object_component_ref idref="oc-40"/>
            <object_component_ref idref="oc-43"/>
            <object_component_ref idref="oc-46"/>
            <object_component_ref idref="oc-49"/>
            <object_component_ref idref="oc-4c"/>
            <object_component_ref idref="oc-4f"/>
            <object_component_ref idref="oc-52"/>
            <object_component_ref idref="oc-55"/>
            <object_component_ref idref="oc-59"/>
            <object_component_ref idref="oc-5e"/>
            <object_component_ref idref="oc-64"/>
            <object_component_ref idref="oc-6a"/>
            <object_component_ref idref="oc-70"/>
            <object_component_ref idref="oc-76"/>
            <object_component_ref idref="oc-7b"/>
            <object_component_ref idref="oc-b6"/>
         </contents>
      </logical_group>
   </logical_group_list>
   <placement_map>
      <memory_area>
         <name>IVECS</name>
         <page_id>0x0</page_id>
         <origin>0x0</origin>
         <length>0x220</length>
         <used_space>0x200</used_space>
         <unused_space>0x20</unused_space>
         <attributes>RWIX</attributes>
         <usage_details>
            <allocated_space>
               <start_address>0x0</start_address>
               <size>0x200</size>
               <logical_group_ref idref="lg-3"/>
            </allocated_space>
            <available_space>
               <start_address>0x200</start_address>
               <size>0x20</size>
            </available_space>
         </usage_details>
      </memory_area>
      <memory_area>
         <name>IRAM</name>
         <page_id>0x0</page_id>
         <origin>0x220</origin>
         <length>0x2fde0</length>
         <used_space>0x2333a</used_space>
         <unused_space>0xcaa6</unused_space>
         <attributes>RWIX</attributes>
         <usage_details>
            <allocated_space>
               <start_address>0x220</start_address>
               <size>0x1f82e</size>
               <logical_group_ref idref="lg-b"/>
            </allocated_space>
            <available_space>
               <start_address>0x1fa4e</start_address>
               <size>0x12</size>
            </available_space>
            <allocated_space>
               <start_address>0x1fa60</start_address>
               <size>0x2f80</size>
               <logical_group_ref idref="lg-4"/>
            </allocated_space>
            <allocated_space>
               <start_address>0x229e0</start_address>
               <size>0x800</size>
               <logical_group_ref idref="lg-7"/>
            </allocated_space>
            <allocated_space>
               <start_address>0x231e0</start_address>
               <size>0x30c</size>
               <logical_group_ref idref="lg-6"/>
            </allocated_space>
            <allocated_space>
               <start_address>0x234ec</start_address>
               <size>0x60</size>
               <logical_group_ref idref="lg-9"/>
            </allocated_space>
            <allocated_space>
               <start_address>0x2354c</start_address>
               <size>0x20</size>
               <logical_group_ref idref="lg-5"/>
            </allocated_space>
            <available_space>
               <start_address>0x2356c</start_address>
               <size>0xca94</size>
            </available_space>
         </usage_details>
      </memory_area>
      <memory_area>
         <name>SDRAM</name>
         <page_id>0x0</page_id>
         <origin>0x80000000</origin>
         <length>0x1000000</length>
         <used_space>0x0</used_space>
         <unused_space>0x1000000</unused_space>
         <attributes>RWIX</attributes>
         <usage_details>
         </usage_details>
      </memory_area>
      <memory_area>
         <name>FLASH</name>
         <page_id>0x0</page_id>
         <origin>0x90000000</origin>
         <length>0x20000</length>
         <used_space>0x0</used_space>
         <unused_space>0x20000</unused_space>
         <attributes>RWIX</attributes>
         <usage_details>
         </usage_details>
      </memory_area>
   </placement_map>
   <symbol_table>
      <symbol id="sm-0">
         <name>cinit</name>
         <value>0x231e0</value>
      </symbol>
      <symbol id="sm-1">
         <name>___cinit__</name>
         <value>0x231e0</value>
      </symbol>
      <symbol id="sm-2">
         <name>pinit</name>
         <value>0xffffffff</value>
      </symbol>
      <symbol id="sm-3">
         <name>___pinit__</name>
         <value>0xffffffff</value>
      </symbol>
      <symbol id="sm-4">
         <name>binit</name>
         <value>0xffffffff</value>
      </symbol>
      <symbol id="sm-5">
         <name>___binit__</name>
         <value>0xffffffff</value>
      </symbol>
      <symbol id="sm-6">
         <name>__STACK_SIZE</name>
         <value>0x800</value>
      </symbol>
      <symbol id="sm-7">
         <name>__STACK_END</name>
         <value>0x231e0</value>
      </symbol>
      <symbol id="sm-8">
         <name>___c_args__</name>
         <value>0xffffffff</value>
      </symbol>
      <symbol id="sm-9">
         <name>.text</name>
         <value>0x1fa60</value>
      </symbol>
      <symbol id="sm-a">
         <name>___text__</name>
         <value>0x1fa60</value>
      </symbol>
      <symbol id="sm-b">
         <name>etext</name>
         <value>0x229e0</value>
      </symbol>
      <symbol id="sm-c">
         <name>___etext__</name>
         <value>0x229e0</value>
      </symbol>
      <symbol id="sm-d">
         <name>.bss</name>
         <value>0x2354c</value>
      </symbol>
      <symbol id="sm-e">
         <name>___bss__</name>
         <value>0x2354c</value>
      </symbol>
      <symbol id="sm-f">
         <name>end</name>
         <value>0x2356c</value>
      </symbol>
      <symbol id="sm-10">
         <name>___end__</name>
         <value>0x2356c</value>
      </symbol>
      <symbol id="sm-11">
         <name>___TI_pprof_out_hndl</name>
         <value>0xffffffff</value>
      </symbol>
      <symbol id="sm-12">
         <name>___TI_prof_data_start</name>
         <value>0xffffffff</value>
      </symbol>
      <symbol id="sm-13">
         <name>___TI_prof_data_size</name>
         <value>0xffffffff</value>
      </symbol>
      <symbol id="sm-14">
         <name>$bss</name>
         <value>0x2354c</value>
      </symbol>
      <symbol id="sm-46">
         <name>_Buffer_pop</name>
         <value>0x215d0</value>
         <object_component_ref idref="oc-82"/>
      </symbol>
      <symbol id="sm-47">
         <name>_Buffer_push</name>
         <value>0x214f8</value>
         <object_component_ref idref="oc-82"/>
      </symbol>
      <symbol id="sm-48">
         <name>_Buffer_init</name>
         <value>0x214a0</value>
         <object_component_ref idref="oc-82"/>
      </symbol>
      <symbol id="sm-73">
         <name>_main</name>
         <value>0x22820</value>
         <object_component_ref idref="oc-89"/>
      </symbol>
      <symbol id="sm-74">
         <name>_gain</name>
         <value>0x23554</value>
         <object_component_ref idref="oc-13"/>
      </symbol>
      <symbol id="sm-75">
         <name>_jehany_buffer</name>
         <value>0x430</value>
         <object_component_ref idref="oc-16"/>
      </symbol>
      <symbol id="sm-76">
         <name>_loop</name>
         <value>0x23550</value>
         <object_component_ref idref="oc-13"/>
      </symbol>
      <symbol id="sm-77">
         <name>_c_int11</name>
         <value>0x205c0</value>
         <object_component_ref idref="oc-17"/>
      </symbol>
      <symbol id="sm-78">
         <name>_out_buffer</name>
         <value>0x230</value>
         <object_component_ref idref="oc-16"/>
      </symbol>
      <symbol id="sm-79">
         <name>_fs</name>
         <value>0x2354c</value>
         <object_component_ref idref="oc-13"/>
      </symbol>
      <symbol id="sm-7a">
         <name>_sine_table</name>
         <value>0x220</value>
         <object_component_ref idref="oc-16"/>
      </symbol>
      <symbol id="sm-7b">
         <name>_i</name>
         <value>0x23558</value>
         <object_component_ref idref="oc-13"/>
      </symbol>
      <symbol id="sm-7c">
         <name>_input</name>
         <value>0x2355c</value>
         <object_component_ref idref="oc-13"/>
      </symbol>
      <symbol id="sm-c8">
         <name>_comm_poll</name>
         <value>0x1fb0c</value>
         <object_component_ref idref="oc-81"/>
      </symbol>
      <symbol id="sm-c9">
         <name>_output_left_sample</name>
         <value>0x1fd3c</value>
         <object_component_ref idref="oc-81"/>
      </symbol>
      <symbol id="sm-ca">
         <name>_comm_intr</name>
         <value>0x1fb38</value>
         <object_component_ref idref="oc-81"/>
      </symbol>
      <symbol id="sm-cb">
         <name>_input_left_sample</name>
         <value>0x1ffb0</value>
         <object_component_ref idref="oc-81"/>
      </symbol>
      <symbol id="sm-cc">
         <name>_output_sample</name>
         <value>0x1fc60</value>
         <object_component_ref idref="oc-81"/>
      </symbol>
      <symbol id="sm-cd">
         <name>_c6713_dsk_init</name>
         <value>0x1fa60</value>
         <object_component_ref idref="oc-81"/>
      </symbol>
      <symbol id="sm-ce">
         <name>_config</name>
         <value>0x1f950</value>
         <object_component_ref idref="oc-1e"/>
      </symbol>
      <symbol id="sm-cf">
         <name>_input_right_sample</name>
         <value>0x20070</value>
         <object_component_ref idref="oc-81"/>
      </symbol>
      <symbol id="sm-d0">
         <name>_AIC_data</name>
         <value>0x1f92c</value>
         <object_component_ref idref="oc-1e"/>
      </symbol>
      <symbol id="sm-d1">
         <name>_hAIC23_handle</name>
         <value>0x23568</value>
         <object_component_ref idref="oc-1b"/>
      </symbol>
      <symbol id="sm-d2">
         <name>_AIC23CfgData</name>
         <value>0x1f930</value>
         <object_component_ref idref="oc-1e"/>
      </symbol>
      <symbol id="sm-d3">
         <name>_input_sample</name>
         <value>0x1feec</value>
         <object_component_ref idref="oc-81"/>
      </symbol>
      <symbol id="sm-d4">
         <name>_output_right_sample</name>
         <value>0x1fe14</value>
         <object_component_ref idref="oc-81"/>
      </symbol>
      <symbol id="sm-e1">
         <name>_vector10</name>
         <value>0x140</value>
         <object_component_ref idref="oc-23"/>
      </symbol>
      <symbol id="sm-e2">
         <name>_vector12</name>
         <value>0x180</value>
         <object_component_ref idref="oc-23"/>
      </symbol>
      <symbol id="sm-e3">
         <name>_vector13</name>
         <value>0x1a0</value>
         <object_component_ref idref="oc-23"/>
      </symbol>
      <symbol id="sm-e4">
         <name>_vector14</name>
         <value>0x1c0</value>
         <object_component_ref idref="oc-23"/>
      </symbol>
      <symbol id="sm-e5">
         <name>_vector15</name>
         <value>0x1e0</value>
         <object_component_ref idref="oc-23"/>
      </symbol>
      <symbol id="sm-e6">
         <name>_vectors</name>
         <value>0x0</value>
         <object_component_ref idref="oc-23"/>
      </symbol>
      <symbol id="sm-e7">
         <name>_vector1</name>
         <value>0x20</value>
         <object_component_ref idref="oc-23"/>
      </symbol>
      <symbol id="sm-e8">
         <name>_vector3</name>
         <value>0x60</value>
         <object_component_ref idref="oc-23"/>
      </symbol>
      <symbol id="sm-e9">
         <name>_vector2</name>
         <value>0x40</value>
         <object_component_ref idref="oc-23"/>
      </symbol>
      <symbol id="sm-ea">
         <name>_vector5</name>
         <value>0xa0</value>
         <object_component_ref idref="oc-23"/>
      </symbol>
      <symbol id="sm-eb">
         <name>_vector4</name>
         <value>0x80</value>
         <object_component_ref idref="oc-23"/>
      </symbol>
      <symbol id="sm-ec">
         <name>_vector7</name>
         <value>0xe0</value>
         <object_component_ref idref="oc-23"/>
      </symbol>
      <symbol id="sm-ed">
         <name>_vector6</name>
         <value>0xc0</value>
         <object_component_ref idref="oc-23"/>
      </symbol>
      <symbol id="sm-ee">
         <name>_vector9</name>
         <value>0x120</value>
         <object_component_ref idref="oc-23"/>
      </symbol>
      <symbol id="sm-ef">
         <name>_vector8</name>
         <value>0x100</value>
         <object_component_ref idref="oc-23"/>
      </symbol>
      <symbol id="sm-fb">
         <name>_c_int00</name>
         <value>0x226a0</value>
         <object_component_ref idref="oc-e"/>
      </symbol>
      <symbol id="sm-fc">
         <name>__stack</name>
         <value>0x229e0</value>
         <object_component_ref idref="oc-28"/>
      </symbol>
      <symbol id="sm-106">
         <name>__divf</name>
         <value>0x20920</value>
         <object_component_ref idref="oc-7f"/>
      </symbol>
      <symbol id="sm-116">
         <name>C$$EXIT</name>
         <value>0x229a0</value>
         <object_component_ref idref="oc-8a"/>
      </symbol>
      <symbol id="sm-117">
         <name>_exit</name>
         <value>0x22040</value>
         <object_component_ref idref="oc-7e"/>
      </symbol>
      <symbol id="sm-118">
         <name>___TI_enable_exit_profile_output</name>
         <value>0x1fa40</value>
         <object_component_ref idref="oc-30"/>
      </symbol>
      <symbol id="sm-119">
         <name>_abort</name>
         <value>0x229a0</value>
         <object_component_ref idref="oc-8a"/>
      </symbol>
      <symbol id="sm-11a">
         <name>__cleanup_ptr</name>
         <value>0x1fa38</value>
         <object_component_ref idref="oc-30"/>
      </symbol>
      <symbol id="sm-11b">
         <name>__dtors_ptr</name>
         <value>0x1fa3c</value>
         <object_component_ref idref="oc-30"/>
      </symbol>
      <symbol id="sm-125">
         <name>_memset</name>
         <value>0x21b40</value>
         <object_component_ref idref="oc-9b"/>
      </symbol>
      <symbol id="sm-12d">
         <name>__remu</name>
         <value>0x224e0</value>
         <object_component_ref idref="oc-9c"/>
      </symbol>
      <symbol id="sm-12e">
         <name>__c6xabi_remu</name>
         <value>0x224e0</value>
         <object_component_ref idref="oc-9c"/>
      </symbol>
      <symbol id="sm-13c">
         <name>_sin</name>
         <value>0x20c60</value>
         <object_component_ref idref="oc-80"/>
      </symbol>
      <symbol id="sm-146">
         <name>__trunc</name>
         <value>0x227e0</value>
         <object_component_ref idref="oc-8b"/>
      </symbol>
      <symbol id="sm-150">
         <name>__args_main</name>
         <value>0x227a0</value>
         <object_component_ref idref="oc-7d"/>
      </symbol>
      <symbol id="sm-151">
         <name>__TI_args_main</name>
         <value>0x1</value>
      </symbol>
      <symbol id="sm-15b">
         <name>__auto_init</name>
         <value>0x21e60</value>
         <object_component_ref idref="oc-7c"/>
      </symbol>
      <symbol id="sm-165">
         <name>___TI_cpp_init</name>
         <value>0x22620</value>
         <object_component_ref idref="oc-88"/>
      </symbol>
      <symbol id="sm-16f">
         <name>_copy_in</name>
         <value>0x222c0</value>
         <object_component_ref idref="oc-86"/>
      </symbol>
      <symbol id="sm-179">
         <name>_memcpy</name>
         <value>0x21260</value>
         <object_component_ref idref="oc-87"/>
      </symbol>
      <symbol id="sm-183">
         <name>_modf</name>
         <value>0x22120</value>
         <object_component_ref idref="oc-8d"/>
      </symbol>
      <symbol id="sm-18d">
         <name>__nround</name>
         <value>0x22200</value>
         <object_component_ref idref="oc-8c"/>
      </symbol>
      <symbol id="sm-1ab">
         <name>_IRQ_setVecs</name>
         <value>0x228e0</value>
         <object_component_ref idref="oc-91"/>
      </symbol>
      <symbol id="sm-1ac">
         <name>__IRQ_eventTable</name>
         <value>0x1f860</value>
         <object_component_ref idref="oc-58"/>
      </symbol>
      <symbol id="sm-1ad">
         <name>_IRQ_nmiEnable</name>
         <value>0x228c0</value>
         <object_component_ref idref="oc-95"/>
      </symbol>
      <symbol id="sm-1ae">
         <name>_IRQ_reset</name>
         <value>0x22760</value>
         <object_component_ref idref="oc-93"/>
      </symbol>
      <symbol id="sm-1af">
         <name>__IRQ_intTable</name>
         <value>0x1f8e4</value>
         <object_component_ref idref="oc-58"/>
      </symbol>
      <symbol id="sm-1b0">
         <name>_IRQ_globalEnable</name>
         <value>0x228a0</value>
         <object_component_ref idref="oc-94"/>
      </symbol>
      <symbol id="sm-1b1">
         <name>_IRQ_globalDisable</name>
         <value>0x22880</value>
         <object_component_ref idref="oc-8f"/>
      </symbol>
      <symbol id="sm-1b2">
         <name>_IRQ_map</name>
         <value>0x216a0</value>
         <object_component_ref idref="oc-92"/>
      </symbol>
      <symbol id="sm-1b3">
         <name>_IRQ_enable</name>
         <value>0x22720</value>
         <object_component_ref idref="oc-96"/>
      </symbol>
      <symbol id="sm-1b4">
         <name>__IRQ_dispatchTable</name>
         <value>0x1f924</value>
         <object_component_ref idref="oc-58"/>
      </symbol>
      <symbol id="sm-1b5">
         <name>__IRQ_hookFetchPacket</name>
         <value>0x229c0</value>
         <object_component_ref idref="oc-56"/>
      </symbol>
      <symbol id="sm-1d3">
         <name>_MCBSP_reset</name>
         <value>0x21860</value>
         <object_component_ref idref="oc-9d"/>
      </symbol>
      <symbol id="sm-1d4">
         <name>_MCBSP_read</name>
         <value>0x22920</value>
         <object_component_ref idref="oc-9a"/>
      </symbol>
      <symbol id="sm-1d5">
         <name>_MCBSP_getXmtEventId</name>
         <value>0x22900</value>
         <object_component_ref idref="oc-90"/>
      </symbol>
      <symbol id="sm-1d6">
         <name>_MCBSP_open</name>
         <value>0x21c60</value>
         <object_component_ref idref="oc-84"/>
      </symbol>
      <symbol id="sm-1d7">
         <name>__MCBSP_hDev0</name>
         <value>0x1f9e8</value>
         <object_component_ref idref="oc-5d"/>
      </symbol>
      <symbol id="sm-1d8">
         <name>__MCBSP_hDev1</name>
         <value>0x1f9ec</value>
         <object_component_ref idref="oc-5d"/>
      </symbol>
      <symbol id="sm-1d9">
         <name>_MCBSP_start</name>
         <value>0x21d60</value>
         <object_component_ref idref="oc-85"/>
      </symbol>
      <symbol id="sm-1da">
         <name>_MCBSP_rrdy</name>
         <value>0x22940</value>
         <object_component_ref idref="oc-99"/>
      </symbol>
      <symbol id="sm-1db">
         <name>_MCBSP_config</name>
         <value>0x22440</value>
         <object_component_ref idref="oc-8e"/>
      </symbol>
      <symbol id="sm-1dc">
         <name>_MCBSP_xrdy</name>
         <value>0x22980</value>
         <object_component_ref idref="oc-97"/>
      </symbol>
      <symbol id="sm-1dd">
         <name>_MCBSP_write</name>
         <value>0x22960</value>
         <object_component_ref idref="oc-98"/>
      </symbol>
      <symbol id="sm-1eb">
         <name>_DSK6713_init</name>
         <value>0x2018c</value>
         <object_component_ref idref="oc-61"/>
      </symbol>
      <symbol id="sm-1ec">
         <name>_DSK6713_version</name>
         <value>0x1fa4c</value>
         <object_component_ref idref="oc-62"/>
      </symbol>
      <symbol id="sm-1ed">
         <name>_DSK6713_rget</name>
         <value>0x204a8</value>
         <object_component_ref idref="oc-61"/>
      </symbol>
      <symbol id="sm-1ee">
         <name>_DSK6713_wait</name>
         <value>0x204d0</value>
         <object_component_ref idref="oc-61"/>
      </symbol>
      <symbol id="sm-1ef">
         <name>_DSK6713_rset</name>
         <value>0x204bc</value>
         <object_component_ref idref="oc-61"/>
      </symbol>
      <symbol id="sm-1f0">
         <name>_DSK6713_waitusec</name>
         <value>0x20528</value>
         <object_component_ref idref="oc-61"/>
      </symbol>
      <symbol id="sm-1f1">
         <name>_DSK6713_getVersion</name>
         <value>0x20554</value>
         <object_component_ref idref="oc-61"/>
      </symbol>
      <symbol id="sm-1ff">
         <name>_DSK6713_AIC23_codeccontrolhandle</name>
         <value>0x1fa44</value>
         <object_component_ref idref="oc-68"/>
      </symbol>
      <symbol id="sm-200">
         <name>_DSK6713_AIC23_codecdatahandle</name>
         <value>0x1fa48</value>
         <object_component_ref idref="oc-68"/>
      </symbol>
      <symbol id="sm-201">
         <name>_DSK6713_AIC23_openCodec</name>
         <value>0x20f60</value>
         <object_component_ref idref="oc-67"/>
      </symbol>
      <symbol id="sm-20f">
         <name>_DSK6713_AIC23_config</name>
         <value>0x21ac0</value>
         <object_component_ref idref="oc-6d"/>
      </symbol>
      <symbol id="sm-210">
         <name>_DSK6713_AIC23_rget</name>
         <value>0x21a98</value>
         <object_component_ref idref="oc-6d"/>
      </symbol>
      <symbol id="sm-211">
         <name>_DSK6713_AIC23_rset</name>
         <value>0x21a00</value>
         <object_component_ref idref="oc-6d"/>
      </symbol>
      <symbol id="sm-21f">
         <name>_DSK6713_AIC23_setFreq</name>
         <value>0x22380</value>
         <object_component_ref idref="oc-73"/>
      </symbol>
      <symbol id="sm-227">
         <name>__strasg</name>
         <value>0x21f60</value>
         <object_component_ref idref="oc-83"/>
      </symbol>
   </symbol_table>
</link_info>
